terminal_log=/home/wangcheng2021/project/new/portable_sam2_explicit_coarse/logs/ablations/paper_promptminer_rd_p2_whu_full_fast_tr1.0_va1.0_20260826_233807_pid40052.log
/data/wangcheng/envs/cvt2/lib/python3.9/site-packages/imagecorruptions/corruptions.py:17: UserWarning: pkg_resources is deprecated as an API. See https://setuptools.pypa.io/en/latest/pkg_resources.html. The pkg_resources package is slated for removal as early as 2025-11-30. Refrain from using this package or pin to Setuptools<81.
  from pkg_resources import resource_filename
{"ablation_id": "c5v2_pafpn_coarse_p2_boundary_refiner_emb64", "architecture_contract": {"architecture_id": "c5v2_pafpn_coarse_p2_boundary_refiner_emb64", "model_fingerprint": "36549a00a8282b2b9903d8c07c7cc9ce6f6e8fba3e93d58212de1999b1aa3dab", "schema_version": 2}, "config": "configs/whu1024_baseplus_explicit_coarse.py", "dense_prompt_config": {"clamp_range": [-8.0, 8.0], "detach_input": true, "foreground_threshold": 0.5, "gaussian_gamma": 4.0, "gaussian_omega": 15.0, "outside_fill_logit": 0.0, "temperature": 1.0, "transform": "raw_logits"}, "dense_prompt_enabled": true, "explicit_prompt_mode": "points_box_dense", "final_mask_coordinate_mode": "roi_local", "final_mask_loss_config": {}, "final_mask_loss_mode": "standard", "neck": "RSSAM2PAFPN", "p2_boundary_refiner_config": {"aligned": true, "beta": 0.2, "boundary_band_radius": 2, "boundary_loss_weight": 0.05, "coarse_size": 64, "delta_logit_max": 2.0, "enabled": true, "foreground_thr": 0.5, "max_search_coverage": 0.5, "mid_channels": 64, "p2_in_channels": 512, "projected_channels": 64, "roi_output_size": 32, "sampling_ratio": 0, "search_band_radius": 4, "spatial_scale": 0.25, "zero_init_residual": true}, "p2_boundary_refiner_enabled": true, "prompt_encoder_enabled": true, "prompt_encoder_train_mask_downscaling": false, "prompt_route": "coarse", "prompt_sparse_mode": "shape_point", "quality_head_enabled": false, "roi_sam_config": {}, "roi_sam_enabled": false, "sam_image_embedding_size": 64, "sam_image_embedding_stride": 16, "segm_score_key": "scores", "segm_score_mode": "detector", "shape_context_fusion": "roi_only", "shape_loss_schedule_mode": "fixed", "shape_point_adaptive_validity": true, "shape_prior_enabled": true, "shape_prior_loss_weight": 0.1, "subset_seed": 44, "train_subset_ratio": 1.0, "val_subset_ratio": 1.0}
ablation contract: OK
============================================================
resolved_hyperparameters_begin
timestamp=20260826_233807
environment_config=/home/wangcheng2021/project/new/portable_sam2_explicit_coarse/configs/environment.local.sh
git_commit=da92f6f79448c3ed0ab517ac02ebbd9e01e8ebbb
git_dirty=1
git_dirty_code_files=none
git_diff_sha16=e3b0c44298fc1c14
ablation_id=c5v2_pafpn_coarse_p2_boundary_refiner_emb64
expected_architecture_id=c5v2_pafpn_coarse_p2_boundary_refiner_emb64
run_tag=paper_promptminer_rd_p2_whu_full_fast
run_suffix=
neck_type=pafpn
prompt_route=coarse
prompt_generator_mode=explicit_mask
prompt_sparse_mode=shape_point
prompt_encoder_enabled=1
shape_prior_enabled=1
explicit_prompt_mode=points_box_dense
shape_dense_transform=raw_logits
shape_dense_detach=1
shape_gaussian_foreground_threshold=0.5
shape_gaussian_omega=15.0
shape_gaussian_gamma=4.0
p2_boundary_refiner_enabled=1
final_mask_coordinate_mode=roi_local
final_mask_loss_mode=standard
final_mask_roi_expand_ratio=1.20
final_mask_roi_bce_weight=1.0
final_mask_roi_dice_weight=1.0
final_mask_outside_bce_weight=0.05
roi_sam_enabled=0
roi_sam_sampling_ratio=2
sam_image_embedding_stride=16
sam_image_embedding_size=64
train_subset_ratio=1.0
val_subset_ratio=1.0
val_batch_size=2
subset_seed=44
python=/data/wangcheng/envs/cvt2/bin/python
nproc_per_node=4
master_port=20052
master_port_source=auto_pid
ddp_timeout_seconds=1800
ddp_timeout_source=baseline_default
ddp_control_backend=gloo
ddp_control_timeout_seconds=86400
cuda_visible_devices=0,1,2,3
batch_size_per_rank=2
grad_accum_steps=1
effective_global_batch_size=8
epochs=150
learning_rate=5e-4
amp=1
ema_enabled=1
ema_decay=0.999
ema_eval=0
ema_save_best=0
val_every_n_epochs=1
compute_val_loss=0
save_bbox_best_metric=
segm_score_mode=detector
early_stopping_patience=20
early_stopping_start_epoch=90
early_stopping_min_delta=5e-4
early_stopping_smooth_window=5
sat_backbone_lr_mult=1.0
sat_other_lr_mult=1.0
mask_decoder_lr_mult=1.0
no_mask_lr_mult=1.0
prompt_encoder_lr_mult=0.0
prompt_encoder_train_mask_downscaling=0
shape_prior_lr_mult=1.0
shape_context_fusion=roi_only
p2_boundary_refiner_lr_mult=1.0
p2_boundary_refiner_projected_channels=64
p2_boundary_refiner_mid_channels=64
p2_boundary_refiner_delta_logit_max=2.0
p2_boundary_refiner_loss_weight=0.05
allow_cross_arch_init=0
warmup_iters=100
weight_decay=0.05
det_loss_stage1_end=5
det_loss_stage2_end=10
det_loss_weight_stage1=1.0
det_loss_weight_stage2=1.0
det_loss_weight_stage3=1.0
ema_update_every=1
ema_eval_start_epoch=5
shape_point_adaptive_validity=1
shape_loss_schedule_mode=fixed
shape_prior_loss_weight=0.10
shape_loss_stage1_end=5
shape_loss_weight_stage1=0.20
shape_loss_weight_stage2=0.10
point_warmup_enabled=0
point_warmup_no_point_epochs=0
point_warmup_one_pair_epochs=0
point_warmup_full_start_epoch=1
prompt_debug_stats=1
prompt_debug_stats_interval=50
max_train_batches=0
max_val_batches=0
init_from=
init_exclude_prefixes=
resume_from=
check_data=0
preflight_model=0
dry_run=0
run_in_background=1
sam2_repo=/home/wangcheng2021/project/new/sam2
sam2_checkpoint=/data/wangcheng/pretrained-models/sam2/sam2_hiera_base_plus.pt
data_root=/data/wangcheng/dataset/WHU
checkpoint_root=/data/wangcheng/checkpoint/portable_sam2_explicit_coarse
log_root=/home/wangcheng2021/project/new/portable_sam2_explicit_coarse/logs
tmp_root=/tmp/portable_sam2_explicit_coarse
config=configs/whu1024_baseplus_explicit_coarse.py
checkpoint_dir=/data/wangcheng/checkpoint/portable_sam2_explicit_coarse/ablations/paper_promptminer_rd_p2_whu_full_fast_tr1.0_va1.0
log_file=/home/wangcheng2021/project/new/portable_sam2_explicit_coarse/logs/ablations/paper_promptminer_rd_p2_whu_full_fast_tr1.0_va1.0_20260826_233807_pid40052.log
command= /data/wangcheng/envs/cvt2/bin/python -m torch.distributed.run --nproc_per_node=4 --master_port=20052 train/train_rsprompter_fusion.py --config configs/whu1024_baseplus_explicit_coarse.py --data-root /data/wangcheng/dataset/WHU --use-whu-coco --image-size 1024 1024 --batch-size 2 --grad-accum-steps 1 --epochs 150 --lr 5e-4 --checkpoint-dir /data/wangcheng/checkpoint/portable_sam2_explicit_coarse/ablations/paper_promptminer_rd_p2_whu_full_fast_tr1.0_va1.0 --train-subset-ratio 1.0 --val-subset-ratio 1.0 --val-batch-size 2 --seed 44 --amp 1 --ema-enabled 1 --ema-decay 0.999 --ema-eval 0 --ema-save-best 0 --val-every-n-epochs 1 --compute-val-loss 0 --early-stopping-patience 20 --early-stopping-start-epoch 90 --early-stopping-min-delta 5e-4 --early-stopping-smooth-window 5 --sat-backbone-lr-mult 1.0 --sat-other-lr-mult 1.0 --mask-decoder-lr-mult 1.0 --no-mask-lr-mult 1.0 --prompt-encoder-lr-mult 0.0 --shape-prior-lr-mult 1.0 --p2-boundary-refiner-lr-mult 1.0 --warmup-iters 100 --weight-decay 0.05 --det-loss-stage1-end 5 --det-loss-stage2-end 10 --det-loss-weight-stage1 1.0 --det-loss-weight-stage2 1.0 --det-loss-weight-stage3 1.0 --ema-update-every 1 --ema-eval-start-epoch 5 --prompt-debug-stats 1 --prompt-debug-stats-interval 50
resolved_hyperparameters_end
============================================================
launch_mode=background
background_pid=40220
follow_log=tail -f /home/wangcheng2021/project/new/portable_sam2_explicit_coarse/logs/ablations/paper_promptminer_rd_p2_whu_full_fast_tr1.0_va1.0_20260826_233807_pid40052.log
status_command=ps -fp 40220
