terminal_log=/home/wangcheng/project/new/portable_sam2_explicit_coarse/logs/ablations/prompt_content_point_p2_0_from_r1_best_tr0.2_va1.0_20260731_221533_pid1162270.log
/home/wangcheng/miniconda3/envs/cvt2/lib/python3.9/site-packages/imagecorruptions/corruptions.py:17: UserWarning: pkg_resources is deprecated as an API. See https://setuptools.pypa.io/en/latest/pkg_resources.html. The pkg_resources package is slated for removal as early as 2025-11-30. Refrain from using this package or pin to Setuptools<81.
  from pkg_resources import resource_filename
{"ablation_id": "pafpn_coarse_points_emb64_p2br0", "architecture_contract": {"architecture_id": "pafpn_coarse_points_emb64_p2br0", "model_fingerprint": "b0e3808f15ca33fd5db31b5e2f82019536f1940f086568a6eb018550afb696c9", "schema_version": 2}, "config": "configs/whu1024_baseplus_explicit_coarse.py", "dense_prompt_config": {"clamp_range": [-8.0, 8.0], "detach_input": true, "foreground_threshold": 0.5, "gaussian_gamma": 4.0, "gaussian_omega": 15.0, "outside_fill_logit": 0.0, "temperature": 1.0, "transform": "raw_logits"}, "dense_prompt_enabled": false, "explicit_prompt_mode": "points", "final_mask_coordinate_mode": "roi_local", "final_mask_loss_config": {}, "final_mask_loss_mode": "standard", "neck": "RSSAM2PAFPN", "p2_boundary_refiner_config": {"aligned": true, "beta": 0.2, "boundary_band_radius": 2, "boundary_loss_weight": 0.05, "coarse_size": 64, "delta_logit_max": 2.0, "enabled": false, "foreground_thr": 0.5, "max_search_coverage": 0.5, "mid_channels": 64, "p2_in_channels": 512, "projected_channels": 64, "roi_output_size": 32, "sampling_ratio": 0, "search_band_radius": 4, "spatial_scale": 0.25, "zero_init_residual": true}, "p2_boundary_refiner_enabled": false, "prompt_encoder_enabled": true, "prompt_encoder_train_mask_downscaling": false, "prompt_route": "coarse", "prompt_sparse_mode": "shape_point", "quality_head_enabled": false, "roi_sam_config": {}, "roi_sam_enabled": false, "sam_image_embedding_size": 64, "sam_image_embedding_stride": 16, "segm_score_key": "scores", "segm_score_mode": "detector", "shape_context_fusion": "roi_only", "shape_loss_schedule_mode": "fixed", "shape_point_adaptive_validity": true, "shape_prior_enabled": true, "shape_prior_loss_weight": 0.1, "subset_seed": 44, "train_subset_ratio": 0.2, "val_subset_ratio": 1.0}
ablation contract: OK
============================================================
resolved_hyperparameters_begin
timestamp=20260731_221533
environment_config=/home/wangcheng/project/new/portable_sam2_explicit_coarse/configs/environment.local.sh
git_commit=4ffd61d44ef0704e730e7c0feb796e978f0802ea
ablation_id=pafpn_coarse_points_emb64_p2br0
expected_architecture_id=pafpn_coarse_points_emb64_p2br0
run_tag=prompt_content_point_p2_0_from_r1_best
run_suffix=
neck_type=pafpn
prompt_route=coarse
prompt_generator_mode=explicit_mask
prompt_sparse_mode=shape_point
prompt_encoder_enabled=1
shape_prior_enabled=1
explicit_prompt_mode=points
shape_dense_transform=raw_logits
shape_dense_detach=1
shape_gaussian_foreground_threshold=0.5
shape_gaussian_omega=15.0
shape_gaussian_gamma=4.0
p2_boundary_refiner_enabled=0
final_mask_coordinate_mode=roi_local
final_mask_loss_mode=standard
final_mask_roi_expand_ratio=1.20
final_mask_roi_bce_weight=1.0
final_mask_roi_dice_weight=1.0
final_mask_outside_bce_weight=0.05
roi_sam_enabled=0
roi_sam_sampling_ratio=2
sam_image_embedding_stride=16
sam_image_embedding_size=64
train_subset_ratio=0.2
val_subset_ratio=1.0
val_batch_size=1
subset_seed=44
python=/home/wangcheng/miniconda3/envs/cvt2/bin/python
nproc_per_node=2
master_port=29731
master_port_source=environment
ddp_timeout_seconds=1800
ddp_timeout_source=baseline_default
ddp_control_backend=gloo
ddp_control_timeout_seconds=86400
cuda_visible_devices=0,3
batch_size_per_rank=1
grad_accum_steps=4
effective_global_batch_size=8
epochs=20
learning_rate=5e-5
amp=0
ema_enabled=0
ema_decay=0.999
ema_eval=0
ema_save_best=0
val_every_n_epochs=1
compute_val_loss=0
save_bbox_best_metric=bbox/mAP
segm_score_mode=detector
early_stopping_patience=5
early_stopping_start_epoch=1
early_stopping_min_delta=5e-4
early_stopping_smooth_window=5
sat_backbone_lr_mult=1.0
sat_other_lr_mult=1.0
mask_decoder_lr_mult=1.0
no_mask_lr_mult=1.0
prompt_encoder_lr_mult=0.0
prompt_encoder_train_mask_downscaling=0
shape_prior_lr_mult=1.0
shape_context_fusion=roi_only
p2_boundary_refiner_lr_mult=1.0
p2_boundary_refiner_projected_channels=64
p2_boundary_refiner_mid_channels=64
p2_boundary_refiner_delta_logit_max=2.0
p2_boundary_refiner_loss_weight=0.05
allow_cross_arch_init=1
warmup_iters=100
weight_decay=0.05
det_loss_stage1_end=5
det_loss_stage2_end=10
det_loss_weight_stage1=1.0
det_loss_weight_stage2=1.0
det_loss_weight_stage3=1.0
ema_update_every=1
ema_eval_start_epoch=5
shape_point_adaptive_validity=1
shape_loss_schedule_mode=fixed
shape_prior_loss_weight=0.10
shape_loss_stage1_end=5
shape_loss_weight_stage1=0.20
shape_loss_weight_stage2=0.10
point_warmup_enabled=0
point_warmup_no_point_epochs=0
point_warmup_one_pair_epochs=0
point_warmup_full_start_epoch=1
prompt_debug_stats=1
prompt_debug_stats_interval=50
max_train_batches=0
max_val_batches=0
init_from=/data1/wangcheng/checkpoint/portable_sam2_explicit_coarse/ablations/r1_c4_rd_pafpn_coarse_points_box_raw_detach_roi_local_emb64_tr0.2_va1.0/best_model_epoch80.pth
init_exclude_prefixes=
resume_from=
check_data=0
preflight_model=0
dry_run=0
run_in_background=0
sam2_repo=/home/wangcheng/project/new/sam2
sam2_checkpoint=/data1/wangcheng/pretrained/sam2_hiera_base_plus.pt
data_root=/data1/wangcheng/dataset/WHU
checkpoint_root=/data1/wangcheng/checkpoint/portable_sam2_explicit_coarse
log_root=/home/wangcheng/project/new/portable_sam2_explicit_coarse/logs
tmp_root=/tmp/portable_sam2_explicit_coarse
config=configs/whu1024_baseplus_explicit_coarse.py
checkpoint_dir=/data1/wangcheng/checkpoint/portable_sam2_explicit_coarse/ablations/prompt_content_point_p2_0_from_r1_best_tr0.2_va1.0
log_file=/home/wangcheng/project/new/portable_sam2_explicit_coarse/logs/ablations/prompt_content_point_p2_0_from_r1_best_tr0.2_va1.0_20260731_221533_pid1162270.log
command= /home/wangcheng/miniconda3/envs/cvt2/bin/python -m torch.distributed.run --nproc_per_node=2 --master_port=29731 train/train_rsprompter_fusion.py --config configs/whu1024_baseplus_explicit_coarse.py --data-root /data1/wangcheng/dataset/WHU --use-whu-coco --image-size 1024 1024 --batch-size 1 --grad-accum-steps 4 --epochs 20 --lr 5e-5 --checkpoint-dir /data1/wangcheng/checkpoint/portable_sam2_explicit_coarse/ablations/prompt_content_point_p2_0_from_r1_best_tr0.2_va1.0 --train-subset-ratio 0.2 --val-subset-ratio 1.0 --val-batch-size 1 --seed 44 --amp 0 --ema-enabled 0 --ema-decay 0.999 --ema-eval 0 --ema-save-best 0 --val-every-n-epochs 1 --compute-val-loss 0 --early-stopping-patience 5 --early-stopping-start-epoch 1 --early-stopping-min-delta 5e-4 --early-stopping-smooth-window 5 --sat-backbone-lr-mult 1.0 --sat-other-lr-mult 1.0 --mask-decoder-lr-mult 1.0 --no-mask-lr-mult 1.0 --prompt-encoder-lr-mult 0.0 --shape-prior-lr-mult 1.0 --p2-boundary-refiner-lr-mult 1.0 --warmup-iters 100 --weight-decay 0.05 --det-loss-stage1-end 5 --det-loss-stage2-end 10 --det-loss-weight-stage1 1.0 --det-loss-weight-stage2 1.0 --det-loss-weight-stage3 1.0 --ema-update-every 1 --ema-eval-start-epoch 5 --prompt-debug-stats 1 --prompt-debug-stats-interval 50 --init-from /data1/wangcheng/checkpoint/portable_sam2_explicit_coarse/ablations/r1_c4_rd_pafpn_coarse_points_box_raw_detach_roi_local_emb64_tr0.2_va1.0/best_model_epoch80.pth --allow-cross-arch-init
resolved_hyperparameters_end
============================================================
launch_mode=foreground

*****************************************
Setting OMP_NUM_THREADS environment variable for each process to be 1 in default, to avoid your system being overloaded, please further tune the variable for optimal performance in your application as needed. 
*****************************************
/home/wangcheng/miniconda3/envs/cvt2/lib/python3.9/site-packages/imagecorruptions/corruptions.py:17: UserWarning: pkg_resources is deprecated as an API. See https://setuptools.pypa.io/en/latest/pkg_resources.html. The pkg_resources package is slated for removal as early as 2025-11-30. Refrain from using this package or pin to Setuptools<81.
  from pkg_resources import resource_filename
/home/wangcheng/miniconda3/envs/cvt2/lib/python3.9/site-packages/imagecorruptions/corruptions.py:17: UserWarning: pkg_resources is deprecated as an API. See https://setuptools.pypa.io/en/latest/pkg_resources.html. The pkg_resources package is slated for removal as early as 2025-11-30. Refrain from using this package or pin to Setuptools<81.
  from pkg_resources import resource_filename
[seed] Random seed fixed to 44 | cudnn.deterministic=True
[Gloo] Rank [Gloo] Rank 0 is connected to 11 peer ranks.  is connected to Expected number of connected peer ranks is : 11 peer ranks. Expected number of connected peer ranks is : 
1
2026-07-31 22:15:48,277 - portable_sam_fusion - INFO - DDP process-group timeout: 1800 seconds
2026-07-31 22:15:48,278 - portable_sam_fusion - INFO - DDP validation control: backend=gloo timeout=86400 seconds
2026-07-31 22:15:49,491 - portable_sam_fusion - INFO - Architecture contract: id=pafpn_coarse_points_emb64_p2br0 schema=2 fingerprint=b0e3808f15ca33fd5db31b5e2f82019536f1940f086568a6eb018550afb696c9
[RSSAM2VisionEncoder] Loading SAM2 base_plus model
  - embed_dim: 112
  - stages: (2, 3, 16, 3)
  - backbone_channels: [896, 448, 224, 112]
Loads checkpoint by local backend from path: /data1/wangcheng/pretrained/sam2_hiera_base_plus.pt
Loads checkpoint by local backend from path: /data1/wangcheng/pretrained/sam2_hiera_base_plus.pt
[ImageEncoder(base_plus)] Loaded 306 keys. missing=0, unexpected=0
[RSSAM2VisionEncoder] Applied LoRA with config:
  - r=16, alpha=32
  - target_modules=['qkv', 'proj']
  - dropout=0.05
  - modules_to_save=['neck']
trainable params: 1,492,528 || all params: 70,599,344 || trainable%: 2.114081966540652
[RSSAM2VisionEncoder] LoRA audit: backbone total=70599344, trainable=1492528, lora_trainable=1061424, unexpected_trainable=0
Loads checkpoint by local backend from path: /data1/wangcheng/pretrained/sam2_hiera_base_plus.pt
[SAM2] using package: /home/wangcheng/project/new/sam2/sam2/__init__.py
Loads checkpoint by local backend from path: /data1/wangcheng/pretrained/sam2_hiera_base_plus.pt
Loads checkpoint by local backend from path: /data1/wangcheng/pretrained/sam2_hiera_base_plus.pt
Loads checkpoint by local backend from path: /data1/wangcheng/pretrained/sam2_hiera_base_plus.pt
[MaskDecoder] Loaded 131 keys. missing=0, unexpected=0
  use_high_res_features: True
  Has conv_s0: True
  Has conv_s1: True
Loads checkpoint by local backend from path: /data1/wangcheng/pretrained/sam2_hiera_base_plus.pt
[MaskHead] Initialized no_mask_embed from SAM2 ckpt, frozen, abs_mean=0.01521041
Loads checkpoint by local backend from path: /data1/wangcheng/pretrained/sam2_hiera_base_plus.pt
[PromptEncoder] Loaded 17 keys. missing=0, unexpected=0
2026-07-31 22:15:52,043 - portable_sam_fusion - INFO - Evaluation score contract: bbox=scores segm=scores mode=detector
2026-07-31 22:15:54,725 - data.whu_instance_dataset - INFO - 加载 WHU 样本: 2943 (train.json)
2026-07-31 22:15:54,806 - data.whu_instance_dataset - INFO - 加载 WHU 样本: 2943 (train.json)
2026-07-31 22:15:54,872 - data.loader - INFO - WHU train subset: 588/2943 images (ratio=0.200000, seed=44)
2026-07-31 22:15:54,943 - data.loader - INFO - WHU train subset: 588/2943 images (ratio=0.200000, seed=44)
2026-07-31 22:15:55,008 - data.whu_instance_dataset - INFO - 加载 WHU 样本: 627 (validation.json)
2026-07-31 22:15:55,008 - data.loader - INFO - 创建 WHU 验证集加载器: 627 样本
2026-07-31 22:15:55,074 - data.whu_instance_dataset - INFO - 加载 WHU 样本: 627 (validation.json)
2026-07-31 22:15:55,075 - data.loader - INFO - 创建 WHU 验证集加载器: 627 样本
2026-07-31 22:15:55,075 - portable_sam_fusion - INFO - Validation policy: rank0_only=1 batch_size=1 every_n_epochs=1 compute_loss=0
2026-07-31 22:15:55,075 - portable_sam_fusion - INFO - Dataset size: 588 | mini-batch/epoch=294 | grad_accum=4 | optimizer_steps/epoch=74 | total_optimizer_steps=1480
2026-07-31 22:15:55,079 - portable_sam_fusion - INFO - Optimizer group sat_backbone    params=1492528 tensors=112 lr=5.000e-05 wd=5.000e-02 first=backbone.encoder.base_model.model.trunk.patch_embed.proj.lora_A.default.weight last=backbone.encoder.base_model.model.neck.modules_to_save.default.convs.3.conv.bias
2026-07-31 22:15:55,079 - portable_sam_fusion - INFO - Optimizer group mask_decoder    params=4082497 tensors=125 lr=5.000e-05 wd=5.000e-02 first=roi_head.mask_head.mask_decoder.decoder.transformer.layers.0.self_attn.q_proj.weight last=roi_head.mask_head.mask_decoder.decoder.pred_obj_score_head.layers.2.bias
2026-07-31 22:15:55,079 - portable_sam_fusion - INFO - Optimizer group shape_prior     params=960385 tensors=18 lr=5.000e-05 wd=5.000e-02 first=roi_head.mask_head.shape_injector.mask_decoder.net.0.weight last=roi_head.mask_head.shape_injector.mask_decoder.net.14.bias
2026-07-31 22:15:55,079 - portable_sam_fusion - INFO - Optimizer group quality_head    params=132612 tensors=6 lr=5.000e-05 wd=5.000e-02 first=roi_head.mask_head.mask_decoder.decoder.iou_prediction_head.layers.0.weight last=roi_head.mask_head.mask_decoder.decoder.iou_prediction_head.layers.2.bias
2026-07-31 22:15:55,079 - portable_sam_fusion - INFO - Optimizer group sat_other       params=37130793 tensors=78 lr=5.000e-05 wd=5.000e-02 first=neck.level_scales last=roi_head.bbox_head.shared_fcs.1.bias
2026-07-31 22:15:55,081 - portable_sam_fusion - INFO - Trainable state backbone               1492528 / 70599344
2026-07-31 22:15:55,081 - portable_sam_fusion - INFO - Trainable state shared_image_embedding absent
2026-07-31 22:15:55,082 - portable_sam_fusion - INFO - Trainable state mask_decoder           4215109 / 4215109
2026-07-31 22:15:55,082 - portable_sam_fusion - INFO - Trainable state no_mask_embed          0 / 256
2026-07-31 22:15:55,082 - portable_sam_fusion - INFO - Trainable state prompt_encoder         0 / 6220
2026-07-31 22:15:55,082 - portable_sam_fusion - INFO - Trainable state shape_injector         960385 / 960385
2026-07-31 22:15:55,082 - portable_sam_fusion - INFO - Trainable state p2_boundary_refiner    absent
2026-07-31 22:15:55,082 - portable_sam_fusion - INFO - Trainable state quality_head           absent
2026-07-31 22:15:55,082 - portable_sam_fusion - INFO - Trainable state uav_roi_retriever      absent
2026-07-31 22:15:55,082 - portable_sam_fusion - INFO - Trainable state uav_roi_gate           absent
2026-07-31 22:15:55,082 - portable_sam_fusion - INFO - Trainable state uav_roi_dense_prompt   absent
2026-07-31 22:15:55,082 - portable_sam_fusion - INFO - Trainable state uav_roi_prompt_adapter absent
2026-07-31 22:15:55,082 - portable_sam_fusion - INFO - Trainable state uav_prompt_adapter_sparse_scale absent
2026-07-31 22:15:55,082 - portable_sam_fusion - INFO - Trainable state uav_prompt_adapter_dense_scale absent
2026-07-31 22:15:55,082 - portable_sam_fusion - INFO - Using user-specified warmup: 100 optimizer steps
[rank1]: Traceback (most recent call last):
[rank1]:   File "/home/wangcheng/project/new/portable_sam2_explicit_coarse/train/train_rsprompter_fusion.py", line 3350, in <module>
[rank1]:     main()
[rank1]:   File "/home/wangcheng/project/new/portable_sam2_explicit_coarse/train/train_rsprompter_fusion.py", line 2177, in main
[rank1]:     init_stats = _load_init_checkpoint(
[rank1]:   File "/home/wangcheng/project/new/portable_sam2_explicit_coarse/train/train_rsprompter_fusion.py", line 1197, in _load_init_checkpoint
[rank1]:     from rsprompter.ckpt_migration import migrate_legacy_shape_gate_state_dict
[rank1]: ModuleNotFoundError: No module named 'rsprompter.ckpt_migration'
[rank0]: Traceback (most recent call last):
[rank0]:   File "/home/wangcheng/project/new/portable_sam2_explicit_coarse/train/train_rsprompter_fusion.py", line 3350, in <module>
[rank0]:     main()
[rank0]:   File "/home/wangcheng/project/new/portable_sam2_explicit_coarse/train/train_rsprompter_fusion.py", line 2177, in main
[rank0]:     init_stats = _load_init_checkpoint(
[rank0]:   File "/home/wangcheng/project/new/portable_sam2_explicit_coarse/train/train_rsprompter_fusion.py", line 1197, in _load_init_checkpoint
[rank0]:     from rsprompter.ckpt_migration import migrate_legacy_shape_gate_state_dict
[rank0]: ModuleNotFoundError: No module named 'rsprompter.ckpt_migration'
[rank0]:[W731 22:15:56.059987899 ProcessGroupNCCL.cpp:1538] Warning: WARNING: destroy_process_group() was not called before program exit, which can leak resources. For more info, please see https://pytorch.org/docs/stable/distributed.html#shutdown (function operator())
W0731 22:15:57.459143 1162270 site-packages/torch/distributed/elastic/multiprocessing/api.py:900] Sending process 1162547 closing signal SIGTERM
E0731 22:15:57.975090 1162270 site-packages/torch/distributed/elastic/multiprocessing/api.py:874] failed (exitcode: 1) local_rank: 1 (pid: 1162548) of binary: /home/wangcheng/miniconda3/envs/cvt2/bin/python
Traceback (most recent call last):
  File "/home/wangcheng/miniconda3/envs/cvt2/lib/python3.9/runpy.py", line 197, in _run_module_as_main
    return _run_code(code, main_globals, None,
  File "/home/wangcheng/miniconda3/envs/cvt2/lib/python3.9/runpy.py", line 87, in _run_code
    exec(code, run_globals)
  File "/home/wangcheng/miniconda3/envs/cvt2/lib/python3.9/site-packages/torch/distributed/run.py", line 905, in <module>
    main()
  File "/home/wangcheng/miniconda3/envs/cvt2/lib/python3.9/site-packages/torch/distributed/elastic/multiprocessing/errors/__init__.py", line 357, in wrapper
    return f(*args, **kwargs)
  File "/home/wangcheng/miniconda3/envs/cvt2/lib/python3.9/site-packages/torch/distributed/run.py", line 901, in main
    run(args)
  File "/home/wangcheng/miniconda3/envs/cvt2/lib/python3.9/site-packages/torch/distributed/run.py", line 892, in run
    elastic_launch(
  File "/home/wangcheng/miniconda3/envs/cvt2/lib/python3.9/site-packages/torch/distributed/launcher/api.py", line 143, in __call__
    return launch_agent(self._config, self._entrypoint, list(args))
  File "/home/wangcheng/miniconda3/envs/cvt2/lib/python3.9/site-packages/torch/distributed/launcher/api.py", line 277, in launch_agent
    raise ChildFailedError(
torch.distributed.elastic.multiprocessing.errors.ChildFailedError: 
============================================================
train/train_rsprompter_fusion.py FAILED
------------------------------------------------------------
Failures:
  <NO_OTHER_FAILURES>
------------------------------------------------------------
Root Cause (first observed failure):
[0]:
  time      : 2026-07-31_22:15:57
  host      : ls
  rank      : 1 (local_rank: 1)
  exitcode  : 1 (pid: 1162548)
  error_file: <N/A>
  traceback : To enable traceback see: https://pytorch.org/docs/stable/elastic/errors.html
============================================================
