terminal_log=/home/wangcheng/project/new/portable_sam2_explicit_coarse/logs/ablations/prompt_content_box_p2_1_from_r1_best_tr0.2_va1.0_20260731_220605_pid1157433.log
/home/wangcheng/miniconda3/envs/cvt2/lib/python3.9/site-packages/imagecorruptions/corruptions.py:17: UserWarning: pkg_resources is deprecated as an API. See https://setuptools.pypa.io/en/latest/pkg_resources.html. The pkg_resources package is slated for removal as early as 2025-11-30. Refrain from using this package or pin to Setuptools<81.
  from pkg_resources import resource_filename
{"ablation_id": "pafpn_coarse_box_emb64_p2br1", "architecture_contract": {"architecture_id": "pafpn_coarse_box_emb64_p2br1", "model_fingerprint": "0333dbab55df8b3863f8fd0ab0694472511bc7bfbf0c8de457a23d0669114b2d", "schema_version": 2}, "config": "configs/whu1024_baseplus_explicit_coarse.py", "dense_prompt_config": {"clamp_range": [-8.0, 8.0], "detach_input": true, "foreground_threshold": 0.5, "gaussian_gamma": 4.0, "gaussian_omega": 15.0, "outside_fill_logit": 0.0, "temperature": 1.0, "transform": "raw_logits"}, "dense_prompt_enabled": false, "explicit_prompt_mode": "box", "final_mask_coordinate_mode": "roi_local", "final_mask_loss_config": {}, "final_mask_loss_mode": "standard", "neck": "RSSAM2PAFPN", "p2_boundary_refiner_config": {"aligned": true, "beta": 0.2, "boundary_band_radius": 2, "boundary_loss_weight": 0.05, "coarse_size": 64, "delta_logit_max": 2.0, "enabled": true, "foreground_thr": 0.5, "max_search_coverage": 0.5, "mid_channels": 64, "p2_in_channels": 512, "projected_channels": 64, "roi_output_size": 32, "sampling_ratio": 0, "search_band_radius": 4, "spatial_scale": 0.25, "zero_init_residual": true}, "p2_boundary_refiner_enabled": true, "prompt_encoder_enabled": true, "prompt_encoder_train_mask_downscaling": false, "prompt_route": "coarse", "prompt_sparse_mode": "shape_point", "quality_head_enabled": false, "roi_sam_config": {}, "roi_sam_enabled": false, "sam_image_embedding_size": 64, "sam_image_embedding_stride": 16, "segm_score_key": "scores", "segm_score_mode": "detector", "shape_context_fusion": "roi_only", "shape_loss_schedule_mode": "fixed", "shape_point_adaptive_validity": true, "shape_prior_enabled": true, "shape_prior_loss_weight": 0.1, "subset_seed": 44, "train_subset_ratio": 0.2, "val_subset_ratio": 1.0}
ablation contract: OK
============================================================
resolved_hyperparameters_begin
timestamp=20260731_220605
environment_config=/home/wangcheng/project/new/portable_sam2_explicit_coarse/configs/environment.local.sh
git_commit=4ffd61d44ef0704e730e7c0feb796e978f0802ea
ablation_id=pafpn_coarse_box_emb64_p2br1
expected_architecture_id=pafpn_coarse_box_emb64_p2br1
run_tag=prompt_content_box_p2_1_from_r1_best
run_suffix=
neck_type=pafpn
prompt_route=coarse
prompt_generator_mode=explicit_mask
prompt_sparse_mode=shape_point
prompt_encoder_enabled=1
shape_prior_enabled=1
explicit_prompt_mode=box
shape_dense_transform=raw_logits
shape_dense_detach=1
shape_gaussian_foreground_threshold=0.5
shape_gaussian_omega=15.0
shape_gaussian_gamma=4.0
p2_boundary_refiner_enabled=1
final_mask_coordinate_mode=roi_local
final_mask_loss_mode=standard
final_mask_roi_expand_ratio=1.20
final_mask_roi_bce_weight=1.0
final_mask_roi_dice_weight=1.0
final_mask_outside_bce_weight=0.05
roi_sam_enabled=0
roi_sam_sampling_ratio=2
sam_image_embedding_stride=16
sam_image_embedding_size=64
train_subset_ratio=0.2
val_subset_ratio=1.0
val_batch_size=1
subset_seed=44
python=/home/wangcheng/miniconda3/envs/cvt2/bin/python
nproc_per_node=1
master_port=29677
master_port_source=environment
ddp_timeout_seconds=1800
ddp_timeout_source=baseline_default
ddp_control_backend=gloo
ddp_control_timeout_seconds=86400
cuda_visible_devices=0
batch_size_per_rank=1
grad_accum_steps=1
effective_global_batch_size=1
epochs=1
learning_rate=5e-4
amp=0
ema_enabled=0
ema_decay=0.999
ema_eval=0
ema_save_best=0
val_every_n_epochs=1
compute_val_loss=0
save_bbox_best_metric=bbox/mAP
segm_score_mode=detector
early_stopping_patience=10
early_stopping_start_epoch=20
early_stopping_min_delta=5e-4
early_stopping_smooth_window=5
sat_backbone_lr_mult=1.0
sat_other_lr_mult=1.0
mask_decoder_lr_mult=1.0
no_mask_lr_mult=1.0
prompt_encoder_lr_mult=0.0
prompt_encoder_train_mask_downscaling=0
shape_prior_lr_mult=1.0
shape_context_fusion=roi_only
p2_boundary_refiner_lr_mult=1.0
p2_boundary_refiner_projected_channels=64
p2_boundary_refiner_mid_channels=64
p2_boundary_refiner_delta_logit_max=2.0
p2_boundary_refiner_loss_weight=0.05
allow_cross_arch_init=1
warmup_iters=100
weight_decay=0.05
det_loss_stage1_end=5
det_loss_stage2_end=10
det_loss_weight_stage1=1.0
det_loss_weight_stage2=1.0
det_loss_weight_stage3=1.0
ema_update_every=1
ema_eval_start_epoch=5
shape_point_adaptive_validity=1
shape_loss_schedule_mode=fixed
shape_prior_loss_weight=0.10
shape_loss_stage1_end=5
shape_loss_weight_stage1=0.20
shape_loss_weight_stage2=0.10
point_warmup_enabled=0
point_warmup_no_point_epochs=0
point_warmup_one_pair_epochs=0
point_warmup_full_start_epoch=1
prompt_debug_stats=1
prompt_debug_stats_interval=50
max_train_batches=1
max_val_batches=1
init_from=/data1/wangcheng/checkpoint/portable_sam2_explicit_coarse/ablations/r1_c4_rd_pafpn_coarse_points_box_raw_detach_roi_local_emb64_tr0.2_va1.0/best_model_epoch80.pth
init_exclude_prefixes=
resume_from=
check_data=0
preflight_model=0
dry_run=0
run_in_background=0
sam2_repo=/home/wangcheng/project/new/sam2
sam2_checkpoint=/data1/wangcheng/pretrained/sam2_hiera_base_plus.pt
data_root=/data1/wangcheng/dataset/WHU
checkpoint_root=/data1/wangcheng/checkpoint/portable_sam2_explicit_coarse
log_root=/home/wangcheng/project/new/portable_sam2_explicit_coarse/logs
tmp_root=/tmp/portable_sam2_explicit_coarse
config=configs/whu1024_baseplus_explicit_coarse.py
checkpoint_dir=/tmp/prompt_content_box_p2_smoke
log_file=/home/wangcheng/project/new/portable_sam2_explicit_coarse/logs/ablations/prompt_content_box_p2_1_from_r1_best_tr0.2_va1.0_20260731_220605_pid1157433.log
command= /home/wangcheng/miniconda3/envs/cvt2/bin/python -m torch.distributed.run --nproc_per_node=1 --master_port=29677 train/train_rsprompter_fusion.py --config configs/whu1024_baseplus_explicit_coarse.py --data-root /data1/wangcheng/dataset/WHU --use-whu-coco --image-size 1024 1024 --batch-size 1 --grad-accum-steps 1 --epochs 1 --lr 5e-4 --checkpoint-dir /tmp/prompt_content_box_p2_smoke --train-subset-ratio 0.2 --val-subset-ratio 1.0 --val-batch-size 1 --seed 44 --amp 0 --ema-enabled 0 --ema-decay 0.999 --ema-eval 0 --ema-save-best 0 --val-every-n-epochs 1 --compute-val-loss 0 --early-stopping-patience 10 --early-stopping-start-epoch 20 --early-stopping-min-delta 5e-4 --early-stopping-smooth-window 5 --sat-backbone-lr-mult 1.0 --sat-other-lr-mult 1.0 --mask-decoder-lr-mult 1.0 --no-mask-lr-mult 1.0 --prompt-encoder-lr-mult 0.0 --shape-prior-lr-mult 1.0 --p2-boundary-refiner-lr-mult 1.0 --warmup-iters 100 --weight-decay 0.05 --det-loss-stage1-end 5 --det-loss-stage2-end 10 --det-loss-weight-stage1 1.0 --det-loss-weight-stage2 1.0 --det-loss-weight-stage3 1.0 --ema-update-every 1 --ema-eval-start-epoch 5 --prompt-debug-stats 1 --prompt-debug-stats-interval 50 --max-train-batches 1 --max-val-batches 1 --init-from /data1/wangcheng/checkpoint/portable_sam2_explicit_coarse/ablations/r1_c4_rd_pafpn_coarse_points_box_raw_detach_roi_local_emb64_tr0.2_va1.0/best_model_epoch80.pth --allow-cross-arch-init
resolved_hyperparameters_end
============================================================
launch_mode=foreground
/home/wangcheng/miniconda3/envs/cvt2/lib/python3.9/site-packages/imagecorruptions/corruptions.py:17: UserWarning: pkg_resources is deprecated as an API. See https://setuptools.pypa.io/en/latest/pkg_resources.html. The pkg_resources package is slated for removal as early as 2025-11-30. Refrain from using this package or pin to Setuptools<81.
  from pkg_resources import resource_filename
[seed] Random seed fixed to 44 | cudnn.deterministic=True
2026-07-31 22:06:19,508 - portable_sam_fusion - INFO - DDP process-group timeout: 1800 seconds
2026-07-31 22:06:20,598 - portable_sam_fusion - INFO - Architecture contract: id=pafpn_coarse_box_emb64_p2br1 schema=2 fingerprint=0333dbab55df8b3863f8fd0ab0694472511bc7bfbf0c8de457a23d0669114b2d
[RSSAM2VisionEncoder] Loading SAM2 base_plus model
  - embed_dim: 112
  - stages: (2, 3, 16, 3)
  - backbone_channels: [896, 448, 224, 112]
Loads checkpoint by local backend from path: /data1/wangcheng/pretrained/sam2_hiera_base_plus.pt
[ImageEncoder(base_plus)] Loaded 306 keys. missing=0, unexpected=0
[RSSAM2VisionEncoder] Applied LoRA with config:
  - r=16, alpha=32
  - target_modules=['qkv', 'proj']
  - dropout=0.05
  - modules_to_save=['neck']
trainable params: 1,492,528 || all params: 70,599,344 || trainable%: 2.114081966540652
[RSSAM2VisionEncoder] LoRA audit: backbone total=70599344, trainable=1492528, lora_trainable=1061424, unexpected_trainable=0
[SAM2] using package: /home/wangcheng/project/new/sam2/sam2/__init__.py
Loads checkpoint by local backend from path: /data1/wangcheng/pretrained/sam2_hiera_base_plus.pt
[MaskDecoder] Loaded 131 keys. missing=0, unexpected=0
  use_high_res_features: True
  Has conv_s0: True
  Has conv_s1: True
Loads checkpoint by local backend from path: /data1/wangcheng/pretrained/sam2_hiera_base_plus.pt
[MaskHead] Initialized no_mask_embed from SAM2 ckpt, frozen, abs_mean=0.01521041
Loads checkpoint by local backend from path: /data1/wangcheng/pretrained/sam2_hiera_base_plus.pt
[PromptEncoder] Loaded 17 keys. missing=0, unexpected=0
2026-07-31 22:06:24,968 - portable_sam_fusion - INFO - Evaluation score contract: bbox=scores segm=scores mode=detector
2026-07-31 22:06:27,212 - data.whu_instance_dataset - INFO - 加载 WHU 样本: 2943 (train.json)
2026-07-31 22:06:27,347 - data.loader - INFO - WHU train subset: 588/2943 images (ratio=0.200000, seed=44)
2026-07-31 22:06:27,471 - data.whu_instance_dataset - INFO - 加载 WHU 样本: 627 (validation.json)
2026-07-31 22:06:27,471 - data.loader - INFO - 创建 WHU 验证集加载器: 627 样本
2026-07-31 22:06:27,471 - portable_sam_fusion - INFO - Validation policy: rank0_only=1 batch_size=1 every_n_epochs=1 compute_loss=0
2026-07-31 22:06:27,471 - portable_sam_fusion - INFO - Dataset size: 588 | mini-batch/epoch=1 | grad_accum=1 | optimizer_steps/epoch=1 | total_optimizer_steps=1
2026-07-31 22:06:27,474 - portable_sam_fusion - INFO - Optimizer group sat_backbone    params=1492528 tensors=112 lr=5.000e-04 wd=5.000e-02 first=backbone.encoder.base_model.model.trunk.patch_embed.proj.lora_A.default.weight last=backbone.encoder.base_model.model.neck.modules_to_save.default.convs.3.conv.bias
2026-07-31 22:06:27,474 - portable_sam_fusion - INFO - Optimizer group mask_decoder    params=4082497 tensors=125 lr=5.000e-04 wd=5.000e-02 first=roi_head.mask_head.mask_decoder.decoder.transformer.layers.0.self_attn.q_proj.weight last=roi_head.mask_head.mask_decoder.decoder.pred_obj_score_head.layers.2.bias
2026-07-31 22:06:27,474 - portable_sam_fusion - INFO - Optimizer group shape_prior     params=960385 tensors=18 lr=5.000e-04 wd=5.000e-02 first=roi_head.mask_head.shape_injector.mask_decoder.net.0.weight last=roi_head.mask_head.shape_injector.mask_decoder.net.14.bias
2026-07-31 22:06:27,474 - portable_sam_fusion - INFO - Optimizer group p2_boundary_refiner params=145729 tensors=14 lr=5.000e-04 wd=5.000e-02 first=roi_head.mask_head.p2_boundary_refiner.p2_projection.0.weight last=roi_head.mask_head.p2_boundary_refiner.residual_head.bias
2026-07-31 22:06:27,474 - portable_sam_fusion - INFO - Optimizer group quality_head    params=132612 tensors=6 lr=5.000e-04 wd=5.000e-02 first=roi_head.mask_head.mask_decoder.decoder.iou_prediction_head.layers.0.weight last=roi_head.mask_head.mask_decoder.decoder.iou_prediction_head.layers.2.bias
2026-07-31 22:06:27,474 - portable_sam_fusion - INFO - Optimizer group sat_other       params=37130793 tensors=78 lr=5.000e-04 wd=5.000e-02 first=neck.level_scales last=roi_head.bbox_head.shared_fcs.1.bias
2026-07-31 22:06:27,476 - portable_sam_fusion - INFO - Trainable state backbone               1492528 / 70599344
2026-07-31 22:06:27,476 - portable_sam_fusion - INFO - Trainable state shared_image_embedding absent
2026-07-31 22:06:27,477 - portable_sam_fusion - INFO - Trainable state mask_decoder           4215109 / 4215109
2026-07-31 22:06:27,477 - portable_sam_fusion - INFO - Trainable state no_mask_embed          0 / 256
2026-07-31 22:06:27,477 - portable_sam_fusion - INFO - Trainable state prompt_encoder         0 / 6220
2026-07-31 22:06:27,477 - portable_sam_fusion - INFO - Trainable state shape_injector         960385 / 960385
2026-07-31 22:06:27,477 - portable_sam_fusion - INFO - Trainable state p2_boundary_refiner    145729 / 145729
2026-07-31 22:06:27,477 - portable_sam_fusion - INFO - Trainable state quality_head           absent
2026-07-31 22:06:27,477 - portable_sam_fusion - INFO - Trainable state uav_roi_retriever      absent
2026-07-31 22:06:27,477 - portable_sam_fusion - INFO - Trainable state uav_roi_gate           absent
2026-07-31 22:06:27,477 - portable_sam_fusion - INFO - Trainable state uav_roi_dense_prompt   absent
2026-07-31 22:06:27,477 - portable_sam_fusion - INFO - Trainable state uav_roi_prompt_adapter absent
2026-07-31 22:06:27,477 - portable_sam_fusion - INFO - Trainable state uav_prompt_adapter_sparse_scale absent
2026-07-31 22:06:27,477 - portable_sam_fusion - INFO - Trainable state uav_prompt_adapter_dense_scale absent
2026-07-31 22:06:27,477 - portable_sam_fusion - INFO - Using user-specified warmup: 100 optimizer steps
2026-07-31 22:06:28,080 - portable_sam_fusion - INFO - Initialized model from /data1/wangcheng/checkpoint/portable_sam2_explicit_coarse/ablations/r1_c4_rd_pafpn_coarse_points_box_raw_detach_roi_local_emb64_tr0.2_va1.0/best_model_epoch80.pth loaded=664 excluded=0 shape_mismatch=0 unexpected=1 missing=14 migrated=0 prefixes=<none>
[DEBUG] RSSAM2PAFPN inputs: 4 tensors
  [0] shape=torch.Size([1, 256, 256, 256]), dtype=torch.float32
  [1] shape=torch.Size([1, 256, 128, 128]), dtype=torch.float32
  [2] shape=torch.Size([1, 256, 64, 64]), dtype=torch.float32
  [3] shape=torch.Size([1, 256, 32, 32]), dtype=torch.float32
2026-07-31 22:06:32,182 - portable_sam_fusion - INFO - Epoch 1 detailed losses: loss_rpn_cls=0.0251, loss_rpn_bbox=0.0028, loss_cls=0.1258, acc=94.5312, loss_bbox=0.0245, loss_mask=0.2530, debug_mask_pos_rois=64.0000, debug_mask_logit_mean=1.4259, debug_mask_logit_std=3.3205, debug_mask_prob_mean=0.6636, debug_mask_prob_ge05=0.6937, debug_mask_target_fill=0.7129, loss_shape_prior=0.0165, loss_p2_boundary_refiner=0.0176, schedule/det_weight=1.0000
2026-07-31 22:06:32,183 - portable_sam_fusion - INFO - Epoch 1 P2 boundary refiner: raw_dice=0.9488 refined_dice=0.9488 raw_iou=0.9038 refined_iou=0.9038 raw_boundary_f1=0.9294 refined_boundary_f1=0.9294
2026-07-31 22:06:32,183 - portable_sam_fusion - INFO - Epoch 1 P2 boundary support: valid=87.50% rejected=12.50% coverage=0.3470 delta_abs=0.000000 nonzero=0.00% saturated=0.00% p2_norm=180.8792 highpass_norm=10.5666 support_fg=65.25%
2026-07-31 22:06:32,183 - portable_sam_fusion - INFO - Epoch 1 primary loss shares: det=38.28% final_mask=54.38% shape=3.55% p2_boundary=3.79%
2026-07-31 22:06:32,183 - portable_sam_fusion - INFO - Epoch 1 schedule: det_loss_weight=1.000 early_stop_start=20 min_delta=0.0005
2026-07-31 22:06:32,183 - portable_sam_fusion - INFO - Epoch 1 learning rates: sat_backbone=5.49e-06, mask_decoder=5.49e-06, shape_prior=5.49e-06, p2_boundary_refiner=5.49e-06, quality_head=5.49e-06, sat_other=5.49e-06
2026-07-31 22:06:33,427 - portable_sam_fusion - INFO - Cached validation GT as RLE records: images=1
2026-07-31 22:06:33,427 - portable_sam_fusion - INFO - Validation samples: GT=8, DT=9, avg_masks_per_image=9.00, avg_mask_fill=0.0032
creating index...
index created!
Loading and preparing results...
DONE (t=0.00s)
creating index...
index created!
Running per image evaluation...
Evaluate annotation type *bbox*
DONE (t=0.00s).
Accumulating evaluation results...
DONE (t=0.01s).
 Average Precision  (AP) @[ IoU=0.50:0.95 | area=   all | maxDets=100 ] = 0.754
 Average Precision  (AP) @[ IoU=0.50      | area=   all | maxDets=100 ] = 0.871
 Average Precision  (AP) @[ IoU=0.75      | area=   all | maxDets=100 ] = 0.871
 Average Precision  (AP) @[ IoU=0.50:0.95 | area= small | maxDets=100 ] = 0.454
 Average Precision  (AP) @[ IoU=0.50:0.95 | area=medium | maxDets=100 ] = 0.795
 Average Precision  (AP) @[ IoU=0.50:0.95 | area= large | maxDets=100 ] = 1.000
 Average Recall     (AR) @[ IoU=0.50:0.95 | area=   all | maxDets=  1 ] = 0.125
 Average Recall     (AR) @[ IoU=0.50:0.95 | area=   all | maxDets= 10 ] = 0.762
 Average Recall     (AR) @[ IoU=0.50:0.95 | area=   all | maxDets=100 ] = 0.762
 Average Recall     (AR) @[ IoU=0.50:0.95 | area= small | maxDets=100 ] = 0.450
 Average Recall     (AR) @[ IoU=0.50:0.95 | area=medium | maxDets=100 ] = 0.800
 Average Recall     (AR) @[ IoU=0.50:0.95 | area= large | maxDets=100 ] = 1.000
2026-07-31 22:06:33,441 - portable_sam_fusion - INFO - Validation bbox/mAP: 0.7536 bbox/mAP_75: 0.8713
Running per image evaluation...
Evaluate annotation type *segm*
DONE (t=0.00s).
Accumulating evaluation results...
DONE (t=0.01s).
 Average Precision  (AP) @[ IoU=0.50:0.95 | area=   all | maxDets=100 ] = 0.573
 Average Precision  (AP) @[ IoU=0.50      | area=   all | maxDets=100 ] = 0.871
 Average Precision  (AP) @[ IoU=0.75      | area=   all | maxDets=100 ] = 0.734
 Average Precision  (AP) @[ IoU=0.50:0.95 | area= small | maxDets=100 ] = 0.252
 Average Precision  (AP) @[ IoU=0.50:0.95 | area=medium | maxDets=100 ] = 0.720
 Average Precision  (AP) @[ IoU=0.50:0.95 | area= large | maxDets=100 ] = 0.650
 Average Recall     (AR) @[ IoU=0.50:0.95 | area=   all | maxDets=  1 ] = 0.075
 Average Recall     (AR) @[ IoU=0.50:0.95 | area=   all | maxDets= 10 ] = 0.600
 Average Recall     (AR) @[ IoU=0.50:0.95 | area=   all | maxDets=100 ] = 0.600
 Average Recall     (AR) @[ IoU=0.50:0.95 | area= small | maxDets=100 ] = 0.250
 Average Recall     (AR) @[ IoU=0.50:0.95 | area=medium | maxDets=100 ] = 0.725
 Average Recall     (AR) @[ IoU=0.50:0.95 | area= large | maxDets=100 ] = 0.700
2026-07-31 22:06:33,451 - portable_sam_fusion - INFO - Validation segm/mAP: 0.5728
2026-07-31 22:06:33,995 - portable_sam_fusion - INFO - New best segm/mAP: 0.5728
2026-07-31 22:06:33,995 - portable_sam_fusion - INFO - New best bbox/mAP: 0.7536
2026-07-31 22:06:33,995 - portable_sam_fusion - INFO - New best early-stop metric (segm/mAP): raw=0.5728 smooth(5)=0.5728
2026-07-31 22:06:36,937 - portable_sam_fusion - INFO - Saved best_model with segm/mAP: 0.5728
2026-07-31 22:06:39,198 - portable_sam_fusion - INFO - Saved best_bbox_model with bbox/mAP: 0.7536
2026-07-31 22:06:39,214 - portable_sam_fusion - INFO - Epoch 1/1 | train=0.465288 val=disabled segm/mAP=0.5728 bbox/mAP=0.7536 | best_segm=0.5728 best_bbox=0.7536 best_comp=0.0000 | sat_backbone=5.49e-06 mask_decoder=5.49e-06 shape_prior=5.49e-06 p2_boundary_refiner=5.49e-06 quality_head=5.49e-06 sat_other=5.49e-06
