============================================================
wait_then_launch_b0_r0 started at 2026-07-31 00:47:09
monitor_log=logs/ablations/wait_then_launch_b0_r0_20260731_004709.log
poll_seconds=60
plan: when no train_rsprompter process is alive, launch
  B0  -> CUDA_VISIBLE_DEVICES=0,1 (stride32)
  R0  -> CUDA_VISIBLE_DEVICES=2,3 (stride16)
============================================================
2026-07-31 00:47:09 - 30 train_rsprompter process(es) still running; sleeping 60s.
2026-07-31 00:48:10 - 30 train_rsprompter process(es) still running; sleeping 60s.
2026-07-31 00:49:10 - 30 train_rsprompter process(es) still running; sleeping 60s.
2026-07-31 00:50:10 - 30 train_rsprompter process(es) still running; sleeping 60s.
2026-07-31 00:51:10 - 30 train_rsprompter process(es) still running; sleeping 60s.
2026-07-31 00:52:10 - 30 train_rsprompter process(es) still running; sleeping 60s.
2026-07-31 00:53:10 - 30 train_rsprompter process(es) still running; sleeping 60s.
2026-07-31 00:54:10 - 30 train_rsprompter process(es) still running; sleeping 60s.
2026-07-31 00:55:10 - 30 train_rsprompter process(es) still running; sleeping 60s.
2026-07-31 00:56:10 - 30 train_rsprompter process(es) still running; sleeping 60s.
2026-07-31 00:57:10 - 30 train_rsprompter process(es) still running; sleeping 60s.
2026-07-31 00:58:10 - 30 train_rsprompter process(es) still running; sleeping 60s.
2026-07-31 00:59:10 - 30 train_rsprompter process(es) still running; sleeping 60s.
2026-07-31 01:00:10 - 30 train_rsprompter process(es) still running; sleeping 60s.
2026-07-31 01:01:10 - 30 train_rsprompter process(es) still running; sleeping 60s.
2026-07-31 01:02:10 - 30 train_rsprompter process(es) still running; sleeping 60s.
2026-07-31 01:03:10 - 30 train_rsprompter process(es) still running; sleeping 60s.
2026-07-31 01:04:11 - 30 train_rsprompter process(es) still running; sleeping 60s.
2026-07-31 01:05:11 - 30 train_rsprompter process(es) still running; sleeping 60s.
2026-07-31 01:06:11 - 30 train_rsprompter process(es) still running; sleeping 60s.
2026-07-31 01:07:11 - 30 train_rsprompter process(es) still running; sleeping 60s.
2026-07-31 01:08:11 - 30 train_rsprompter process(es) still running; sleeping 60s.
2026-07-31 01:09:11 - 30 train_rsprompter process(es) still running; sleeping 60s.
2026-07-31 01:10:11 - 30 train_rsprompter process(es) still running; sleeping 60s.
2026-07-31 01:11:11 - 30 train_rsprompter process(es) still running; sleeping 60s.
2026-07-31 01:12:11 - 30 train_rsprompter process(es) still running; sleeping 60s.
2026-07-31 01:13:11 - 30 train_rsprompter process(es) still running; sleeping 60s.
2026-07-31 01:14:11 - 30 train_rsprompter process(es) still running; sleeping 60s.
2026-07-31 01:15:11 - 30 train_rsprompter process(es) still running; sleeping 60s.
2026-07-31 01:16:11 - 30 train_rsprompter process(es) still running; sleeping 60s.
2026-07-31 01:17:11 - 30 train_rsprompter process(es) still running; sleeping 60s.
2026-07-31 01:18:11 - 30 train_rsprompter process(es) still running; sleeping 60s.
2026-07-31 01:19:11 - 30 train_rsprompter process(es) still running; sleeping 60s.
2026-07-31 01:20:11 - 30 train_rsprompter process(es) still running; sleeping 60s.
2026-07-31 01:21:12 - 30 train_rsprompter process(es) still running; sleeping 60s.
2026-07-31 01:22:12 - 30 train_rsprompter process(es) still running; sleeping 60s.
2026-07-31 01:23:12 - 30 train_rsprompter process(es) still running; sleeping 60s.
2026-07-31 01:24:12 - 30 train_rsprompter process(es) still running; sleeping 60s.
2026-07-31 01:25:12 - 30 train_rsprompter process(es) still running; sleeping 60s.
2026-07-31 01:26:12 - 30 train_rsprompter process(es) still running; sleeping 60s.
2026-07-31 01:27:12 - 30 train_rsprompter process(es) still running; sleeping 60s.
2026-07-31 01:28:12 - 30 train_rsprompter process(es) still running; sleeping 60s.
2026-07-31 01:29:12 - 30 train_rsprompter process(es) still running; sleeping 60s.
2026-07-31 01:30:12 - 30 train_rsprompter process(es) still running; sleeping 60s.
2026-07-31 01:31:12 - 30 train_rsprompter process(es) still running; sleeping 60s.
2026-07-31 01:32:12 - 30 train_rsprompter process(es) still running; sleeping 60s.
2026-07-31 01:33:12 - 30 train_rsprompter process(es) still running; sleeping 60s.
2026-07-31 01:34:12 - 30 train_rsprompter process(es) still running; sleeping 60s.
2026-07-31 01:35:12 - 30 train_rsprompter process(es) still running; sleeping 60s.
2026-07-31 01:36:12 - 30 train_rsprompter process(es) still running; sleeping 60s.
2026-07-31 01:37:13 - 30 train_rsprompter process(es) still running; sleeping 60s.
2026-07-31 01:38:13 - 30 train_rsprompter process(es) still running; sleeping 60s.
2026-07-31 01:39:13 - 30 train_rsprompter process(es) still running; sleeping 60s.
2026-07-31 01:40:13 - 30 train_rsprompter process(es) still running; sleeping 60s.
2026-07-31 01:41:13 - 30 train_rsprompter process(es) still running; sleeping 60s.
2026-07-31 01:42:13 - 30 train_rsprompter process(es) still running; sleeping 60s.
2026-07-31 01:43:13 - 30 train_rsprompter process(es) still running; sleeping 60s.
2026-07-31 01:44:13 - 30 train_rsprompter process(es) still running; sleeping 60s.
2026-07-31 01:45:13 - 30 train_rsprompter process(es) still running; sleeping 60s.
2026-07-31 01:46:13 - 30 train_rsprompter process(es) still running; sleeping 60s.
2026-07-31 01:47:13 - 30 train_rsprompter process(es) still running; sleeping 60s.
2026-07-31 01:48:13 - 30 train_rsprompter process(es) still running; sleeping 60s.
2026-07-31 01:49:13 - 30 train_rsprompter process(es) still running; sleeping 60s.
2026-07-31 01:50:13 - 30 train_rsprompter process(es) still running; sleeping 60s.
2026-07-31 01:51:13 - 30 train_rsprompter process(es) still running; sleeping 60s.
2026-07-31 01:52:13 - 30 train_rsprompter process(es) still running; sleeping 60s.
2026-07-31 01:53:13 - 30 train_rsprompter process(es) still running; sleeping 60s.
2026-07-31 01:54:14 - 30 train_rsprompter process(es) still running; sleeping 60s.
2026-07-31 01:55:14 - 30 train_rsprompter process(es) still running; sleeping 60s.
2026-07-31 01:56:14 - 30 train_rsprompter process(es) still running; sleeping 60s.
2026-07-31 01:57:14 - 30 train_rsprompter process(es) still running; sleeping 60s.
2026-07-31 01:58:14 - 30 train_rsprompter process(es) still running; sleeping 60s.
2026-07-31 01:59:14 - 30 train_rsprompter process(es) still running; sleeping 60s.
2026-07-31 02:00:14 - 30 train_rsprompter process(es) still running; sleeping 60s.
2026-07-31 02:01:14 - 30 train_rsprompter process(es) still running; sleeping 60s.
2026-07-31 02:02:14 - 30 train_rsprompter process(es) still running; sleeping 60s.
2026-07-31 02:03:14 - 30 train_rsprompter process(es) still running; sleeping 60s.
2026-07-31 02:04:14 - 30 train_rsprompter process(es) still running; sleeping 60s.
2026-07-31 02:05:14 - 30 train_rsprompter process(es) still running; sleeping 60s.
2026-07-31 02:06:14 - 30 train_rsprompter process(es) still running; sleeping 60s.
2026-07-31 02:07:14 - 30 train_rsprompter process(es) still running; sleeping 60s.
2026-07-31 02:08:14 - 30 train_rsprompter process(es) still running; sleeping 60s.
2026-07-31 02:09:14 - 30 train_rsprompter process(es) still running; sleeping 60s.
2026-07-31 02:10:15 - 30 train_rsprompter process(es) still running; sleeping 60s.
2026-07-31 02:11:15 - 30 train_rsprompter process(es) still running; sleeping 60s.
2026-07-31 02:12:15 - 30 train_rsprompter process(es) still running; sleeping 60s.
2026-07-31 02:13:15 - 30 train_rsprompter process(es) still running; sleeping 60s.
2026-07-31 02:14:15 - 30 train_rsprompter process(es) still running; sleeping 60s.
2026-07-31 02:15:15 - 30 train_rsprompter process(es) still running; sleeping 60s.
2026-07-31 02:16:15 - 30 train_rsprompter process(es) still running; sleeping 60s.
2026-07-31 02:17:15 - 30 train_rsprompter process(es) still running; sleeping 60s.
2026-07-31 02:18:15 - 30 train_rsprompter process(es) still running; sleeping 60s.
2026-07-31 02:19:15 - 30 train_rsprompter process(es) still running; sleeping 60s.
2026-07-31 02:20:15 - 30 train_rsprompter process(es) still running; sleeping 60s.
2026-07-31 02:21:15 - 30 train_rsprompter process(es) still running; sleeping 60s.
2026-07-31 02:22:15 - 30 train_rsprompter process(es) still running; sleeping 60s.
2026-07-31 02:23:15 - 30 train_rsprompter process(es) still running; sleeping 60s.
2026-07-31 02:24:15 - 30 train_rsprompter process(es) still running; sleeping 60s.
2026-07-31 02:25:15 - 30 train_rsprompter process(es) still running; sleeping 60s.
2026-07-31 02:26:15 - 30 train_rsprompter process(es) still running; sleeping 60s.
2026-07-31 02:27:16 - 30 train_rsprompter process(es) still running; sleeping 60s.
2026-07-31 02:28:16 - 30 train_rsprompter process(es) still running; sleeping 60s.
2026-07-31 02:29:16 - 30 train_rsprompter process(es) still running; sleeping 60s.
2026-07-31 02:30:16 - 30 train_rsprompter process(es) still running; sleeping 60s.
2026-07-31 02:31:16 - 30 train_rsprompter process(es) still running; sleeping 60s.
2026-07-31 02:32:16 - 30 train_rsprompter process(es) still running; sleeping 60s.
2026-07-31 02:33:16 - 30 train_rsprompter process(es) still running; sleeping 60s.
2026-07-31 02:34:16 - 30 train_rsprompter process(es) still running; sleeping 60s.
2026-07-31 02:35:16 - 30 train_rsprompter process(es) still running; sleeping 60s.
2026-07-31 02:36:16 - 30 train_rsprompter process(es) still running; sleeping 60s.
2026-07-31 02:37:16 - 30 train_rsprompter process(es) still running; sleeping 60s.
2026-07-31 02:38:16 - 30 train_rsprompter process(es) still running; sleeping 60s.
2026-07-31 02:39:16 - 30 train_rsprompter process(es) still running; sleeping 60s.
2026-07-31 02:40:16 - 30 train_rsprompter process(es) still running; sleeping 60s.
2026-07-31 02:41:16 - 30 train_rsprompter process(es) still running; sleeping 60s.
2026-07-31 02:42:16 - 30 train_rsprompter process(es) still running; sleeping 60s.
2026-07-31 02:43:16 - 30 train_rsprompter process(es) still running; sleeping 60s.
2026-07-31 02:44:17 - 30 train_rsprompter process(es) still running; sleeping 60s.
2026-07-31 02:45:17 - 30 train_rsprompter process(es) still running; sleeping 60s.
2026-07-31 02:46:17 - 30 train_rsprompter process(es) still running; sleeping 60s.
2026-07-31 02:47:17 - 30 train_rsprompter process(es) still running; sleeping 60s.
2026-07-31 02:48:17 - 30 train_rsprompter process(es) still running; sleeping 60s.
2026-07-31 02:49:17 - 30 train_rsprompter process(es) still running; sleeping 60s.
2026-07-31 02:50:17 - 30 train_rsprompter process(es) still running; sleeping 60s.
2026-07-31 02:51:17 - 30 train_rsprompter process(es) still running; sleeping 60s.
2026-07-31 02:52:17 - 30 train_rsprompter process(es) still running; sleeping 60s.
2026-07-31 02:53:17 - 30 train_rsprompter process(es) still running; sleeping 60s.
2026-07-31 02:54:17 - 30 train_rsprompter process(es) still running; sleeping 60s.
2026-07-31 02:55:17 - 30 train_rsprompter process(es) still running; sleeping 60s.
2026-07-31 02:56:17 - 30 train_rsprompter process(es) still running; sleeping 60s.
2026-07-31 02:57:17 - 30 train_rsprompter process(es) still running; sleeping 60s.
2026-07-31 02:58:17 - 30 train_rsprompter process(es) still running; sleeping 60s.
2026-07-31 02:59:17 - 30 train_rsprompter process(es) still running; sleeping 60s.
2026-07-31 03:00:18 - 30 train_rsprompter process(es) still running; sleeping 60s.
2026-07-31 03:01:18 - 30 train_rsprompter process(es) still running; sleeping 60s.
2026-07-31 03:02:18 - 30 train_rsprompter process(es) still running; sleeping 60s.
2026-07-31 03:03:18 - 30 train_rsprompter process(es) still running; sleeping 60s.
2026-07-31 03:04:18 - 30 train_rsprompter process(es) still running; sleeping 60s.
2026-07-31 03:05:18 - 30 train_rsprompter process(es) still running; sleeping 60s.
2026-07-31 03:06:18 - 30 train_rsprompter process(es) still running; sleeping 60s.
2026-07-31 03:07:18 - 30 train_rsprompter process(es) still running; sleeping 60s.
2026-07-31 03:08:18 - 30 train_rsprompter process(es) still running; sleeping 60s.
2026-07-31 03:09:18 - 30 train_rsprompter process(es) still running; sleeping 60s.
2026-07-31 03:10:18 - 30 train_rsprompter process(es) still running; sleeping 60s.
2026-07-31 03:11:18 - 30 train_rsprompter process(es) still running; sleeping 60s.
2026-07-31 03:12:18 - 30 train_rsprompter process(es) still running; sleeping 60s.
2026-07-31 03:13:18 - 30 train_rsprompter process(es) still running; sleeping 60s.
2026-07-31 03:14:18 - 30 train_rsprompter process(es) still running; sleeping 60s.
2026-07-31 03:15:18 - 30 train_rsprompter process(es) still running; sleeping 60s.
2026-07-31 03:16:18 - 30 train_rsprompter process(es) still running; sleeping 60s.
2026-07-31 03:17:19 - 30 train_rsprompter process(es) still running; sleeping 60s.
2026-07-31 03:18:19 - 30 train_rsprompter process(es) still running; sleeping 60s.
2026-07-31 03:19:19 - 30 train_rsprompter process(es) still running; sleeping 60s.
2026-07-31 03:20:19 - 30 train_rsprompter process(es) still running; sleeping 60s.
2026-07-31 03:21:19 - 30 train_rsprompter process(es) still running; sleeping 60s.
2026-07-31 03:22:19 - 30 train_rsprompter process(es) still running; sleeping 60s.
2026-07-31 03:23:19 - 30 train_rsprompter process(es) still running; sleeping 60s.
2026-07-31 03:24:19 - 30 train_rsprompter process(es) still running; sleeping 60s.
2026-07-31 03:25:19 - 30 train_rsprompter process(es) still running; sleeping 60s.
2026-07-31 03:26:19 - 30 train_rsprompter process(es) still running; sleeping 60s.
2026-07-31 03:27:19 - 30 train_rsprompter process(es) still running; sleeping 60s.
2026-07-31 03:28:19 - 30 train_rsprompter process(es) still running; sleeping 60s.
2026-07-31 03:29:19 - 30 train_rsprompter process(es) still running; sleeping 60s.
2026-07-31 03:30:19 - 30 train_rsprompter process(es) still running; sleeping 60s.
2026-07-31 03:31:19 - 30 train_rsprompter process(es) still running; sleeping 60s.
2026-07-31 03:32:19 - 30 train_rsprompter process(es) still running; sleeping 60s.
2026-07-31 03:33:19 - 30 train_rsprompter process(es) still running; sleeping 60s.
2026-07-31 03:34:20 - 30 train_rsprompter process(es) still running; sleeping 60s.
2026-07-31 03:35:20 - 30 train_rsprompter process(es) still running; sleeping 60s.
2026-07-31 03:36:20 - 30 train_rsprompter process(es) still running; sleeping 60s.
2026-07-31 03:37:20 - 30 train_rsprompter process(es) still running; sleeping 60s.
2026-07-31 03:38:20 - 30 train_rsprompter process(es) still running; sleeping 60s.
2026-07-31 03:39:20 - 30 train_rsprompter process(es) still running; sleeping 60s.
2026-07-31 03:40:20 - 30 train_rsprompter process(es) still running; sleeping 60s.
2026-07-31 03:41:20 - 30 train_rsprompter process(es) still running; sleeping 60s.
2026-07-31 03:42:20 - 30 train_rsprompter process(es) still running; sleeping 60s.
2026-07-31 03:43:20 - 30 train_rsprompter process(es) still running; sleeping 60s.
2026-07-31 03:44:20 - 30 train_rsprompter process(es) still running; sleeping 60s.
2026-07-31 03:45:20 - 30 train_rsprompter process(es) still running; sleeping 60s.
2026-07-31 03:46:20 - 30 train_rsprompter process(es) still running; sleeping 60s.
2026-07-31 03:47:20 - 30 train_rsprompter process(es) still running; sleeping 60s.
2026-07-31 03:48:20 - 30 train_rsprompter process(es) still running; sleeping 60s.
2026-07-31 03:49:20 - 30 train_rsprompter process(es) still running; sleeping 60s.
2026-07-31 03:50:21 - 30 train_rsprompter process(es) still running; sleeping 60s.
2026-07-31 03:51:21 - 30 train_rsprompter process(es) still running; sleeping 60s.
2026-07-31 03:52:21 - 30 train_rsprompter process(es) still running; sleeping 60s.
2026-07-31 03:53:21 - 30 train_rsprompter process(es) still running; sleeping 60s.
2026-07-31 03:54:21 - 30 train_rsprompter process(es) still running; sleeping 60s.
2026-07-31 03:55:21 - 30 train_rsprompter process(es) still running; sleeping 60s.
2026-07-31 03:56:21 - 30 train_rsprompter process(es) still running; sleeping 60s.
2026-07-31 03:57:21 - 30 train_rsprompter process(es) still running; sleeping 60s.
2026-07-31 03:58:21 - 30 train_rsprompter process(es) still running; sleeping 60s.
2026-07-31 03:59:21 - 30 train_rsprompter process(es) still running; sleeping 60s.
2026-07-31 04:00:21 - 30 train_rsprompter process(es) still running; sleeping 60s.
2026-07-31 04:01:21 - 30 train_rsprompter process(es) still running; sleeping 60s.
2026-07-31 04:02:21 - 30 train_rsprompter process(es) still running; sleeping 60s.
2026-07-31 04:03:21 - 30 train_rsprompter process(es) still running; sleeping 60s.
2026-07-31 04:04:21 - 15 train_rsprompter process(es) still running; sleeping 60s.
2026-07-31 04:05:21 - 15 train_rsprompter process(es) still running; sleeping 60s.
2026-07-31 04:06:21 - 15 train_rsprompter process(es) still running; sleeping 60s.
2026-07-31 04:07:22 - 15 train_rsprompter process(es) still running; sleeping 60s.
2026-07-31 04:08:22 - 15 train_rsprompter process(es) still running; sleeping 60s.
2026-07-31 04:09:22 - 15 train_rsprompter process(es) still running; sleeping 60s.
2026-07-31 04:10:22 - 15 train_rsprompter process(es) still running; sleeping 60s.
2026-07-31 04:11:22 - 15 train_rsprompter process(es) still running; sleeping 60s.
2026-07-31 04:12:22 - 15 train_rsprompter process(es) still running; sleeping 60s.
2026-07-31 04:13:22 - 15 train_rsprompter process(es) still running; sleeping 60s.
2026-07-31 04:14:22 - 15 train_rsprompter process(es) still running; sleeping 60s.
2026-07-31 04:15:22 - 15 train_rsprompter process(es) still running; sleeping 60s.
2026-07-31 04:16:22 - 15 train_rsprompter process(es) still running; sleeping 60s.
2026-07-31 04:17:22 - 15 train_rsprompter process(es) still running; sleeping 60s.
2026-07-31 04:18:22 - 15 train_rsprompter process(es) still running; sleeping 60s.
2026-07-31 04:19:22 - 15 train_rsprompter process(es) still running; sleeping 60s.
2026-07-31 04:20:22 - 15 train_rsprompter process(es) still running; sleeping 60s.
2026-07-31 04:21:22 - 15 train_rsprompter process(es) still running; sleeping 60s.
2026-07-31 04:22:22 - 15 train_rsprompter process(es) still running; sleeping 60s.
2026-07-31 04:23:22 - 15 train_rsprompter process(es) still running; sleeping 60s.
2026-07-31 04:24:23 - 15 train_rsprompter process(es) still running; sleeping 60s.
2026-07-31 04:25:23 - 15 train_rsprompter process(es) still running; sleeping 60s.
2026-07-31 04:26:23 - 15 train_rsprompter process(es) still running; sleeping 60s.
2026-07-31 04:27:23 - 15 train_rsprompter process(es) still running; sleeping 60s.
2026-07-31 04:28:23 - 15 train_rsprompter process(es) still running; sleeping 60s.
2026-07-31 04:29:23 - 15 train_rsprompter process(es) still running; sleeping 60s.
2026-07-31 04:30:23 - 15 train_rsprompter process(es) still running; sleeping 60s.
2026-07-31 04:31:23 - 15 train_rsprompter process(es) still running; sleeping 60s.
2026-07-31 04:32:23 - 15 train_rsprompter process(es) still running; sleeping 60s.
2026-07-31 04:33:23 - 15 train_rsprompter process(es) still running; sleeping 60s.
2026-07-31 04:34:23 - 15 train_rsprompter process(es) still running; sleeping 60s.
2026-07-31 04:35:23 - 15 train_rsprompter process(es) still running; sleeping 60s.
2026-07-31 04:36:23 - 15 train_rsprompter process(es) still running; sleeping 60s.
2026-07-31 04:37:23 - 15 train_rsprompter process(es) still running; sleeping 60s.
2026-07-31 04:38:23 - 15 train_rsprompter process(es) still running; sleeping 60s.
2026-07-31 04:39:23 - 15 train_rsprompter process(es) still running; sleeping 60s.
2026-07-31 04:40:23 - 15 train_rsprompter process(es) still running; sleeping 60s.
2026-07-31 04:41:24 - 15 train_rsprompter process(es) still running; sleeping 60s.
2026-07-31 04:42:24 - 15 train_rsprompter process(es) still running; sleeping 60s.
2026-07-31 04:43:24 - 15 train_rsprompter process(es) still running; sleeping 60s.
2026-07-31 04:44:24 - 15 train_rsprompter process(es) still running; sleeping 60s.
2026-07-31 04:45:24 - 15 train_rsprompter process(es) still running; sleeping 60s.
2026-07-31 04:46:24 - 15 train_rsprompter process(es) still running; sleeping 60s.
2026-07-31 04:47:24 - 15 train_rsprompter process(es) still running; sleeping 60s.
2026-07-31 04:48:24 - 15 train_rsprompter process(es) still running; sleeping 60s.
2026-07-31 04:49:24 - 15 train_rsprompter process(es) still running; sleeping 60s.
2026-07-31 04:50:24 - 15 train_rsprompter process(es) still running; sleeping 60s.
2026-07-31 04:51:24 - 15 train_rsprompter process(es) still running; sleeping 60s.
2026-07-31 04:52:24 - 15 train_rsprompter process(es) still running; sleeping 60s.
2026-07-31 04:53:24 - 15 train_rsprompter process(es) still running; sleeping 60s.
2026-07-31 04:54:24 - 15 train_rsprompter process(es) still running; sleeping 60s.
2026-07-31 04:55:24 - 15 train_rsprompter process(es) still running; sleeping 60s.
2026-07-31 04:56:24 - 15 train_rsprompter process(es) still running; sleeping 60s.
2026-07-31 04:57:24 - 15 train_rsprompter process(es) still running; sleeping 60s.
2026-07-31 04:58:25 - 15 train_rsprompter process(es) still running; sleeping 60s.
2026-07-31 04:59:25 - 15 train_rsprompter process(es) still running; sleeping 60s.
2026-07-31 05:00:25 - 15 train_rsprompter process(es) still running; sleeping 60s.
2026-07-31 05:01:25 - 15 train_rsprompter process(es) still running; sleeping 60s.
2026-07-31 05:02:25 - 15 train_rsprompter process(es) still running; sleeping 60s.
2026-07-31 05:03:25 - 15 train_rsprompter process(es) still running; sleeping 60s.
2026-07-31 05:04:25 - 15 train_rsprompter process(es) still running; sleeping 60s.
2026-07-31 05:05:25 - 15 train_rsprompter process(es) still running; sleeping 60s.
2026-07-31 05:06:25 - 15 train_rsprompter process(es) still running; sleeping 60s.
2026-07-31 05:07:25 - 15 train_rsprompter process(es) still running; sleeping 60s.
2026-07-31 05:08:25 - 15 train_rsprompter process(es) still running; sleeping 60s.
2026-07-31 05:09:25 - 15 train_rsprompter process(es) still running; sleeping 60s.
2026-07-31 05:10:25 - 15 train_rsprompter process(es) still running; sleeping 60s.
2026-07-31 05:11:25 - 15 train_rsprompter process(es) still running; sleeping 60s.
2026-07-31 05:12:25 - 15 train_rsprompter process(es) still running; sleeping 60s.
2026-07-31 05:13:25 - 15 train_rsprompter process(es) still running; sleeping 60s.
2026-07-31 05:14:25 - 15 train_rsprompter process(es) still running; sleeping 60s.
2026-07-31 05:15:26 - 15 train_rsprompter process(es) still running; sleeping 60s.
2026-07-31 05:16:26 - 15 train_rsprompter process(es) still running; sleeping 60s.
2026-07-31 05:17:26 - 15 train_rsprompter process(es) still running; sleeping 60s.
2026-07-31 05:18:26 - 15 train_rsprompter process(es) still running; sleeping 60s.
2026-07-31 05:19:26 - 15 train_rsprompter process(es) still running; sleeping 60s.
2026-07-31 05:20:26 - 15 train_rsprompter process(es) still running; sleeping 60s.
2026-07-31 05:21:26 - 15 train_rsprompter process(es) still running; sleeping 60s.
2026-07-31 05:22:26 - 15 train_rsprompter process(es) still running; sleeping 60s.
2026-07-31 05:23:26 - 15 train_rsprompter process(es) still running; sleeping 60s.
2026-07-31 05:24:26 - 15 train_rsprompter process(es) still running; sleeping 60s.
2026-07-31 05:25:26 - 15 train_rsprompter process(es) still running; sleeping 60s.
2026-07-31 05:26:26 - 15 train_rsprompter process(es) still running; sleeping 60s.
2026-07-31 05:27:26 - 15 train_rsprompter process(es) still running; sleeping 60s.
2026-07-31 05:28:26 - 15 train_rsprompter process(es) still running; sleeping 60s.
2026-07-31 05:29:26 - 15 train_rsprompter process(es) still running; sleeping 60s.
2026-07-31 05:30:26 - 15 train_rsprompter process(es) still running; sleeping 60s.
2026-07-31 05:31:26 - 15 train_rsprompter process(es) still running; sleeping 60s.
2026-07-31 05:32:27 - 15 train_rsprompter process(es) still running; sleeping 60s.
2026-07-31 05:33:27 - 15 train_rsprompter process(es) still running; sleeping 60s.
2026-07-31 05:34:27 - 15 train_rsprompter process(es) still running; sleeping 60s.
2026-07-31 05:35:27 - 15 train_rsprompter process(es) still running; sleeping 60s.
2026-07-31 05:36:27 - 15 train_rsprompter process(es) still running; sleeping 60s.
2026-07-31 05:37:27 - 15 train_rsprompter process(es) still running; sleeping 60s.
2026-07-31 05:38:27 - 15 train_rsprompter process(es) still running; sleeping 60s.
2026-07-31 05:39:27 - 15 train_rsprompter process(es) still running; sleeping 60s.
2026-07-31 05:40:27 - 15 train_rsprompter process(es) still running; sleeping 60s.
2026-07-31 05:41:27 - 15 train_rsprompter process(es) still running; sleeping 60s.
2026-07-31 05:42:27 - 15 train_rsprompter process(es) still running; sleeping 60s.
2026-07-31 05:43:27 - 15 train_rsprompter process(es) still running; sleeping 60s.
2026-07-31 05:44:27 - 15 train_rsprompter process(es) still running; sleeping 60s.
2026-07-31 05:45:27 - 15 train_rsprompter process(es) still running; sleeping 60s.
2026-07-31 05:46:27 - 15 train_rsprompter process(es) still running; sleeping 60s.
2026-07-31 05:47:27 - 15 train_rsprompter process(es) still running; sleeping 60s.
2026-07-31 05:48:28 - 15 train_rsprompter process(es) still running; sleeping 60s.
2026-07-31 05:49:28 - 15 train_rsprompter process(es) still running; sleeping 60s.
2026-07-31 05:50:28 - 15 train_rsprompter process(es) still running; sleeping 60s.
2026-07-31 05:51:28 - 15 train_rsprompter process(es) still running; sleeping 60s.
2026-07-31 05:52:28 - 15 train_rsprompter process(es) still running; sleeping 60s.
2026-07-31 05:53:28 - 15 train_rsprompter process(es) still running; sleeping 60s.
2026-07-31 05:54:28 - 15 train_rsprompter process(es) still running; sleeping 60s.
2026-07-31 05:55:28 - 15 train_rsprompter process(es) still running; sleeping 60s.
2026-07-31 05:56:28 - 15 train_rsprompter process(es) still running; sleeping 60s.
2026-07-31 05:57:28 - 15 train_rsprompter process(es) still running; sleeping 60s.
2026-07-31 05:58:28 - 15 train_rsprompter process(es) still running; sleeping 60s.
2026-07-31 05:59:28 - 15 train_rsprompter process(es) still running; sleeping 60s.
2026-07-31 06:00:28 - 15 train_rsprompter process(es) still running; sleeping 60s.
2026-07-31 06:01:28 - 15 train_rsprompter process(es) still running; sleeping 60s.
2026-07-31 06:02:28 - 15 train_rsprompter process(es) still running; sleeping 60s.
2026-07-31 06:03:28 - 15 train_rsprompter process(es) still running; sleeping 60s.
2026-07-31 06:04:28 - 15 train_rsprompter process(es) still running; sleeping 60s.
2026-07-31 06:05:29 - 15 train_rsprompter process(es) still running; sleeping 60s.
2026-07-31 06:06:29 - 15 train_rsprompter process(es) still running; sleeping 60s.
2026-07-31 06:07:29 - 15 train_rsprompter process(es) still running; sleeping 60s.
2026-07-31 06:08:29 - 15 train_rsprompter process(es) still running; sleeping 60s.
2026-07-31 06:09:29 - 15 train_rsprompter process(es) still running; sleeping 60s.
2026-07-31 06:10:29 - 15 train_rsprompter process(es) still running; sleeping 60s.
2026-07-31 06:11:29 - 15 train_rsprompter process(es) still running; sleeping 60s.
2026-07-31 06:12:29 - 15 train_rsprompter process(es) still running; sleeping 60s.
2026-07-31 06:13:29 - 15 train_rsprompter process(es) still running; sleeping 60s.
2026-07-31 06:14:29 - 15 train_rsprompter process(es) still running; sleeping 60s.
2026-07-31 06:15:29 - 15 train_rsprompter process(es) still running; sleeping 60s.
2026-07-31 06:16:29 - 15 train_rsprompter process(es) still running; sleeping 60s.
2026-07-31 06:17:29 - 15 train_rsprompter process(es) still running; sleeping 60s.
2026-07-31 06:18:29 - 15 train_rsprompter process(es) still running; sleeping 60s.
2026-07-31 06:19:29 - 15 train_rsprompter process(es) still running; sleeping 60s.
2026-07-31 06:20:29 - 15 train_rsprompter process(es) still running; sleeping 60s.
2026-07-31 06:21:29 - 15 train_rsprompter process(es) still running; sleeping 60s.
2026-07-31 06:22:30 - 15 train_rsprompter process(es) still running; sleeping 60s.
2026-07-31 06:23:30 - 15 train_rsprompter process(es) still running; sleeping 60s.
2026-07-31 06:24:30 - 15 train_rsprompter process(es) still running; sleeping 60s.
2026-07-31 06:25:30 - 15 train_rsprompter process(es) still running; sleeping 60s.
2026-07-31 06:26:30 - 15 train_rsprompter process(es) still running; sleeping 60s.
2026-07-31 06:27:30 - 15 train_rsprompter process(es) still running; sleeping 60s.
2026-07-31 06:28:30 - 15 train_rsprompter process(es) still running; sleeping 60s.
2026-07-31 06:29:30 - 15 train_rsprompter process(es) still running; sleeping 60s.
2026-07-31 06:30:30 - 15 train_rsprompter process(es) still running; sleeping 60s.
2026-07-31 06:31:30 - 15 train_rsprompter process(es) still running; sleeping 60s.
2026-07-31 06:32:30 - 15 train_rsprompter process(es) still running; sleeping 60s.
2026-07-31 06:33:30 - 15 train_rsprompter process(es) still running; sleeping 60s.
2026-07-31 06:34:30 - 15 train_rsprompter process(es) still running; sleeping 60s.
2026-07-31 06:35:30 - 15 train_rsprompter process(es) still running; sleeping 60s.
