/home/wangcheng/miniconda3/envs/cvt2/lib/python3.9/site-packages/imagecorruptions/corruptions.py:17: UserWarning: pkg_resources is deprecated as an API. See https://setuptools.pypa.io/en/latest/pkg_resources.html. The pkg_resources package is slated for removal as early as 2025-11-30. Refrain from using this package or pin to Setuptools<81.
  from pkg_resources import resource_filename
[seed] Random seed fixed to 44 | cudnn.deterministic=True
2026-08-23 15:32:18,840 - portable_sam_fusion - INFO - DDP process-group timeout: 1800 seconds
2026-08-23 15:32:19,607 - portable_sam_fusion - INFO - Architecture contract: id=c4_pafpn_coarse_points_box_dense schema=2 fingerprint=c3efefb141b7e1d35ec4a32f639005e46e0716ab08e0a6a08715055d36410ba0
[RSSAM2VisionEncoder] Loading SAM2 base_plus model
  - embed_dim: 112
  - stages: (2, 3, 16, 3)
  - backbone_channels: [896, 448, 224, 112]
Loads checkpoint by local backend from path: /data1/wangcheng/pretrained/sam2_hiera_base_plus.pt
[ImageEncoder(base_plus)] Loaded 306 keys. missing=0, unexpected=0
[RSSAM2VisionEncoder] Applied LoRA with config:
  - r=16, alpha=32
  - target_modules=['qkv', 'proj']
  - dropout=0.05
  - modules_to_save=['neck']
trainable params: 1,492,528 || all params: 70,599,344 || trainable%: 2.114081966540652
[RSSAM2VisionEncoder] LoRA audit: backbone total=70599344, trainable=1492528, lora_trainable=1061424, unexpected_trainable=0
[SAM2] using package: /home/wangcheng/project/new/sam2/sam2/__init__.py
Loads checkpoint by local backend from path: /data1/wangcheng/pretrained/sam2_hiera_base_plus.pt
[MaskDecoder] Loaded 131 keys. missing=0, unexpected=0
  use_high_res_features: True
  Has conv_s0: True
  Has conv_s1: True
Loads checkpoint by local backend from path: /data1/wangcheng/pretrained/sam2_hiera_base_plus.pt
[MaskHead] Initialized no_mask_embed from SAM2 ckpt, frozen, abs_mean=0.01521041
Loads checkpoint by local backend from path: /data1/wangcheng/pretrained/sam2_hiera_base_plus.pt
[PromptEncoder] Loaded 17 keys. missing=0, unexpected=0
2026-08-23 15:32:24,189 - portable_sam_fusion - INFO - Evaluation score contract: bbox=scores segm=scores mode=detector
2026-08-23 15:32:54,892 - data.whu_instance_dataset - INFO - 加载 WHU 样本: 31048 (instances_isaid_train.json)
2026-08-23 15:32:57,815 - data.loader - INFO - WHU train subset: 155/31048 images (ratio=0.005000, seed=44)
2026-08-23 15:33:03,555 - data.whu_instance_dataset - INFO - 加载 WHU 样本: 10513 (instances_isaid_val.json)
2026-08-23 15:33:04,537 - data.loader - INFO - WHU val subset: 105/10513 images (ratio=0.010000, seed=10044)
2026-08-23 15:33:04,538 - data.loader - INFO - 创建 WHU 验证集加载器: 105 样本
2026-08-23 15:33:04,538 - portable_sam_fusion - INFO - Validation policy: rank0_only=0 batch_size=1 every_n_epochs=1 compute_loss=0
2026-08-23 15:33:04,538 - portable_sam_fusion - INFO - Dataset size: 155 | mini-batch/epoch=30 | grad_accum=1 | optimizer_steps/epoch=30 | total_optimizer_steps=30
2026-08-23 15:33:04,542 - portable_sam_fusion - INFO - Optimizer group sat_backbone    params=1492528 tensors=112 lr=5.000e-04 wd=5.000e-02 first=backbone.encoder.base_model.model.trunk.patch_embed.proj.lora_A.default.weight last=backbone.encoder.base_model.model.neck.modules_to_save.default.convs.3.conv.bias
2026-08-23 15:33:04,542 - portable_sam_fusion - INFO - Optimizer group mask_decoder    params=4082497 tensors=125 lr=5.000e-04 wd=5.000e-02 first=roi_head.mask_head.mask_decoder.decoder.transformer.layers.0.self_attn.q_proj.weight last=roi_head.mask_head.mask_decoder.decoder.pred_obj_score_head.layers.2.bias
2026-08-23 15:33:04,542 - portable_sam_fusion - INFO - Optimizer group shape_prior     params=960385 tensors=18 lr=5.000e-04 wd=5.000e-02 first=roi_head.mask_head.shape_injector.mask_decoder.net.0.weight last=roi_head.mask_head.shape_injector.mask_decoder.net.14.bias
2026-08-23 15:33:04,542 - portable_sam_fusion - INFO - Optimizer group quality_head    params=132612 tensors=6 lr=5.000e-04 wd=5.000e-02 first=roi_head.mask_head.mask_decoder.decoder.iou_prediction_head.layers.0.weight last=roi_head.mask_head.mask_decoder.decoder.iou_prediction_head.layers.2.bias
2026-08-23 15:33:04,542 - portable_sam_fusion - INFO - Optimizer group sat_other       params=37202544 tensors=79 lr=5.000e-04 wd=5.000e-02 first=neck.level_scales last=roi_head.mask_head.shape_dense_alpha_raw
2026-08-23 15:33:04,544 - portable_sam_fusion - INFO - Trainable state backbone               1492528 / 70599344
2026-08-23 15:33:04,544 - portable_sam_fusion - INFO - Trainable state shared_image_embedding absent
2026-08-23 15:33:04,544 - portable_sam_fusion - INFO - Trainable state mask_decoder           4215109 / 4215109
2026-08-23 15:33:04,544 - portable_sam_fusion - INFO - Trainable state no_mask_embed          0 / 256
2026-08-23 15:33:04,544 - portable_sam_fusion - INFO - Trainable state prompt_encoder         0 / 6220
2026-08-23 15:33:04,544 - portable_sam_fusion - INFO - Trainable state shape_injector         960385 / 960385
2026-08-23 15:33:04,544 - portable_sam_fusion - INFO - Trainable state p2_boundary_refiner    absent
2026-08-23 15:33:04,544 - portable_sam_fusion - INFO - Trainable state quality_head           absent
2026-08-23 15:33:04,544 - portable_sam_fusion - INFO - Trainable state uav_roi_retriever      absent
2026-08-23 15:33:04,544 - portable_sam_fusion - INFO - Trainable state uav_roi_gate           absent
2026-08-23 15:33:04,544 - portable_sam_fusion - INFO - Trainable state uav_roi_dense_prompt   absent
2026-08-23 15:33:04,544 - portable_sam_fusion - INFO - Trainable state uav_roi_prompt_adapter absent
2026-08-23 15:33:04,544 - portable_sam_fusion - INFO - Trainable state uav_prompt_adapter_sparse_scale absent
2026-08-23 15:33:04,544 - portable_sam_fusion - INFO - Trainable state uav_prompt_adapter_dense_scale absent
2026-08-23 15:33:04,544 - portable_sam_fusion - INFO - Using user-specified warmup: 10 optimizer steps
[DEBUG] RSSAM2PAFPN inputs: 4 tensors
  [0] shape=torch.Size([1, 256, 256, 256]), dtype=torch.float32
  [1] shape=torch.Size([1, 256, 128, 128]), dtype=torch.float32
  [2] shape=torch.Size([1, 256, 64, 64]), dtype=torch.float32
  [3] shape=torch.Size([1, 256, 32, 32]), dtype=torch.float32
2026-08-23 15:33:22,292 - portable_sam_fusion - INFO - Epoch 1 detailed losses: loss_rpn_cls=0.5359, loss_rpn_bbox=0.0356, loss_cls=0.9560, acc=87.7865, loss_bbox=0.3926, loss_mask=0.4658, debug_mask_pos_rois=16.3667, debug_mask_logit_mean=0.1801, debug_mask_logit_std=0.1647, debug_mask_prob_mean=0.3540, debug_mask_prob_ge05=0.4790, debug_mask_target_fill=0.3588, loss_shape_prior=0.0630, schedule/det_weight=1.0000
2026-08-23 15:33:22,292 - portable_sam_fusion - INFO - Epoch 1 dense residual monitor: alpha=0.250032 source_delta_norm=5.3496 applied_delta_norm=1.3376 source_delta_ratio=0.458074 applied_delta_ratio=0.114537
2026-08-23 15:33:22,293 - portable_sam_fusion - INFO - Epoch 1 primary loss shares: det=78.41% final_mask=19.02% shape=2.57% p2_boundary=0.00%
2026-08-23 15:33:22,293 - portable_sam_fusion - INFO - Epoch 1 schedule: det_loss_weight=1.000 early_stop_start=999 min_delta=0.0005
2026-08-23 15:33:22,293 - portable_sam_fusion - INFO - Epoch 1 learning rates: sat_backbone=5.00e-07, mask_decoder=5.00e-07, shape_prior=5.00e-07, quality_head=5.00e-07, sat_other=5.00e-07
2026-08-23 15:33:39,007 - portable_sam_fusion - INFO - Cached validation GT as RLE records: images=105
2026-08-23 15:33:39,007 - portable_sam_fusion - INFO - Validation samples: GT=1492, DT=0, avg_masks_per_image=0.00, avg_mask_fill=0.0000
creating index...
index created!
creating index...
index created!
Running per image evaluation...
Evaluate annotation type *bbox*
DONE (t=0.03s).
Accumulating evaluation results...
DONE (t=0.04s).
 Average Precision  (AP) @[ IoU=0.50:0.95 | area=   all | maxDets=100 ] = 0.000
 Average Precision  (AP) @[ IoU=0.50      | area=   all | maxDets=100 ] = 0.000
 Average Precision  (AP) @[ IoU=0.75      | area=   all | maxDets=100 ] = 0.000
 Average Precision  (AP) @[ IoU=0.50:0.95 | area= small | maxDets=100 ] = 0.000
 Average Precision  (AP) @[ IoU=0.50:0.95 | area=medium | maxDets=100 ] = 0.000
 Average Precision  (AP) @[ IoU=0.50:0.95 | area= large | maxDets=100 ] = 0.000
 Average Recall     (AR) @[ IoU=0.50:0.95 | area=   all | maxDets=  1 ] = 0.000
 Average Recall     (AR) @[ IoU=0.50:0.95 | area=   all | maxDets= 10 ] = 0.000
 Average Recall     (AR) @[ IoU=0.50:0.95 | area=   all | maxDets=100 ] = 0.000
 Average Recall     (AR) @[ IoU=0.50:0.95 | area= small | maxDets=100 ] = 0.000
 Average Recall     (AR) @[ IoU=0.50:0.95 | area=medium | maxDets=100 ] = 0.000
 Average Recall     (AR) @[ IoU=0.50:0.95 | area= large | maxDets=100 ] = 0.000
2026-08-23 15:33:39,451 - portable_sam_fusion - INFO - Validation bbox/mAP: 0.0000 bbox/mAP_75: 0.0000
Running per image evaluation...
Evaluate annotation type *segm*
DONE (t=0.03s).
Accumulating evaluation results...
DONE (t=0.04s).
 Average Precision  (AP) @[ IoU=0.50:0.95 | area=   all | maxDets=100 ] = 0.000
 Average Precision  (AP) @[ IoU=0.50      | area=   all | maxDets=100 ] = 0.000
 Average Precision  (AP) @[ IoU=0.75      | area=   all | maxDets=100 ] = 0.000
 Average Precision  (AP) @[ IoU=0.50:0.95 | area= small | maxDets=100 ] = 0.000
 Average Precision  (AP) @[ IoU=0.50:0.95 | area=medium | maxDets=100 ] = 0.000
 Average Precision  (AP) @[ IoU=0.50:0.95 | area= large | maxDets=100 ] = 0.000
 Average Recall     (AR) @[ IoU=0.50:0.95 | area=   all | maxDets=  1 ] = 0.000
 Average Recall     (AR) @[ IoU=0.50:0.95 | area=   all | maxDets= 10 ] = 0.000
 Average Recall     (AR) @[ IoU=0.50:0.95 | area=   all | maxDets=100 ] = 0.000
 Average Recall     (AR) @[ IoU=0.50:0.95 | area= small | maxDets=100 ] = 0.000
 Average Recall     (AR) @[ IoU=0.50:0.95 | area=medium | maxDets=100 ] = 0.000
 Average Recall     (AR) @[ IoU=0.50:0.95 | area= large | maxDets=100 ] = 0.000
2026-08-23 15:33:39,528 - portable_sam_fusion - INFO - Validation segm/mAP: 0.0000
2026-08-23 15:33:39,965 - portable_sam_fusion - INFO - New best early-stop metric (segm/mAP): raw=0.0000 smooth(5)=0.0000
2026-08-23 15:33:39,966 - portable_sam_fusion - INFO - Epoch 1/1 | train=2.448763 val=disabled bbox/mAP=0.0000 | best_segm=0.0000 best_bbox=0.0000 best_comp=0.0000 | sat_backbone=5.00e-07 mask_decoder=5.00e-07 shape_prior=5.00e-07 quality_head=5.00e-07 sat_other=5.00e-07
