terminal_log=/home/wangcheng/project/new/portable_sam2_explicit_coarse/logs/ablations_uecoco/uecoco_r1_c4_rd_pafpn_coarse_points_box_raw_detach_emb64_tr1.0_va1.0_20260731_221712_pid1163476.log
/home/wangcheng/miniconda3/envs/cvt2/lib/python3.9/site-packages/imagecorruptions/corruptions.py:17: UserWarning: pkg_resources is deprecated as an API. See https://setuptools.pypa.io/en/latest/pkg_resources.html. The pkg_resources package is slated for removal as early as 2025-11-30. Refrain from using this package or pin to Setuptools<81.
  from pkg_resources import resource_filename
{"ablation_id": "uecoco_r1_c4_rd_pafpn_coarse_points_box_raw_detach_emb64", "architecture_contract": {"architecture_id": "r1_c4_rd_pafpn_coarse_points_box_raw_detach_emb64", "model_fingerprint": "0c46c0e6360d8fd7809b3e8f67ec573ca54da48ab66af1078ea03e486ca3ebec", "schema_version": 2}, "config": "configs/whu1024_baseplus_explicit_coarse.py", "dense_prompt_config": {"clamp_range": [-8.0, 8.0], "detach_input": true, "foreground_threshold": 0.5, "gaussian_gamma": 4.0, "gaussian_omega": 15.0, "outside_fill_logit": 0.0, "temperature": 1.0, "transform": "raw_logits"}, "dense_prompt_enabled": true, "explicit_prompt_mode": "points_box_dense", "final_mask_coordinate_mode": "roi_local", "final_mask_loss_config": {}, "final_mask_loss_mode": "standard", "neck": "RSSAM2PAFPN", "p2_boundary_refiner_config": {"aligned": true, "beta": 0.2, "boundary_band_radius": 2, "boundary_loss_weight": 0.05, "coarse_size": 64, "delta_logit_max": 2.0, "enabled": false, "foreground_thr": 0.5, "max_search_coverage": 0.5, "mid_channels": 64, "p2_in_channels": 512, "projected_channels": 64, "roi_output_size": 32, "sampling_ratio": 0, "search_band_radius": 4, "spatial_scale": 0.25, "zero_init_residual": true}, "p2_boundary_refiner_enabled": false, "prompt_encoder_enabled": true, "prompt_encoder_train_mask_downscaling": false, "prompt_route": "coarse", "prompt_sparse_mode": "shape_point", "quality_head_enabled": false, "roi_sam_config": {}, "roi_sam_enabled": false, "sam_image_embedding_size": 64, "sam_image_embedding_stride": 16, "segm_score_key": "scores", "segm_score_mode": "detector", "shape_context_fusion": "roi_only", "shape_loss_schedule_mode": "fixed", "shape_point_adaptive_validity": true, "shape_prior_enabled": true, "shape_prior_loss_weight": 0.1, "subset_seed": 44, "train_subset_ratio": 1.0, "val_subset_ratio": 1.0}
ablation contract: OK
============================================================
ue_coco R1-C4-RD (leakage-free split)
ablation_id=uecoco_r1_c4_rd_pafpn_coarse_points_box_raw_detach_emb64
data_root=/data1/wangcheng/dataset/ue_coco
train_ann=annotations/train.clean.json  val_ann=annotations/val.clean.json  img=images/
image_size=1024x1024 (resized from native 512)
checkpoint_dir=/data1/wangcheng/checkpoint/portable_sam2_explicit_coarse/ue_coco/uecoco_r1_c4_rd_pafpn_coarse_points_box_raw_detach_emb64_tr1.0_va1.0
log_file=/home/wangcheng/project/new/portable_sam2_explicit_coarse/logs/ablations_uecoco/uecoco_r1_c4_rd_pafpn_coarse_points_box_raw_detach_emb64_tr1.0_va1.0_20260731_221712_pid1163476.log
cuda_visible_devices=0,3
============================================================
launch_mode=background
background_pid=1163776
follow_log=tail -f /home/wangcheng/project/new/portable_sam2_explicit_coarse/logs/ablations_uecoco/uecoco_r1_c4_rd_pafpn_coarse_points_box_raw_detach_emb64_tr1.0_va1.0_20260731_221712_pid1163476.log
status_command=ps -fp 1163776

*****************************************
Setting OMP_NUM_THREADS environment variable for each process to be 1 in default, to avoid your system being overloaded, please further tune the variable for optimal performance in your application as needed. 
*****************************************
/home/wangcheng/miniconda3/envs/cvt2/lib/python3.9/site-packages/imagecorruptions/corruptions.py:17: UserWarning: pkg_resources is deprecated as an API. See https://setuptools.pypa.io/en/latest/pkg_resources.html. The pkg_resources package is slated for removal as early as 2025-11-30. Refrain from using this package or pin to Setuptools<81.
  from pkg_resources import resource_filename
[seed] Random seed fixed to 44 | cudnn.deterministic=True
/home/wangcheng/miniconda3/envs/cvt2/lib/python3.9/site-packages/imagecorruptions/corruptions.py:17: UserWarning: pkg_resources is deprecated as an API. See https://setuptools.pypa.io/en/latest/pkg_resources.html. The pkg_resources package is slated for removal as early as 2025-11-30. Refrain from using this package or pin to Setuptools<81.
  from pkg_resources import resource_filename
[Gloo] Rank 0 is connected to 1 peer ranks. Expected number of connected peer ranks is : 1
[Gloo] Rank 1 is connected to 1 peer ranks. Expected number of connected peer ranks is : 1
2026-07-31 22:17:26,449 - portable_sam_fusion - INFO - DDP process-group timeout: 1800 seconds
2026-07-31 22:17:26,450 - portable_sam_fusion - INFO - DDP validation control: backend=gloo timeout=86400 seconds
2026-07-31 22:17:27,327 - portable_sam_fusion - INFO - Architecture contract: id=r1_c4_rd_pafpn_coarse_points_box_raw_detach_emb64 schema=2 fingerprint=0c46c0e6360d8fd7809b3e8f67ec573ca54da48ab66af1078ea03e486ca3ebec
[RSSAM2VisionEncoder] Loading SAM2 base_plus model
  - embed_dim: 112
  - stages: (2, 3, 16, 3)
  - backbone_channels: [896, 448, 224, 112]
Loads checkpoint by local backend from path: /data1/wangcheng/pretrained/sam2_hiera_base_plus.pt
Loads checkpoint by local backend from path: /data1/wangcheng/pretrained/sam2_hiera_base_plus.pt
[ImageEncoder(base_plus)] Loaded 306 keys. missing=0, unexpected=0
[RSSAM2VisionEncoder] Applied LoRA with config:
  - r=16, alpha=32
  - target_modules=['qkv', 'proj']
  - dropout=0.05
  - modules_to_save=['neck']
trainable params: 1,492,528 || all params: 70,599,344 || trainable%: 2.114081966540652
[RSSAM2VisionEncoder] LoRA audit: backbone total=70599344, trainable=1492528, lora_trainable=1061424, unexpected_trainable=0
[SAM2] using package: /home/wangcheng/project/new/sam2/sam2/__init__.py
Loads checkpoint by local backend from path: /data1/wangcheng/pretrained/sam2_hiera_base_plus.pt
Loads checkpoint by local backend from path: /data1/wangcheng/pretrained/sam2_hiera_base_plus.pt
[MaskDecoder] Loaded 131 keys. missing=0, unexpected=0
  use_high_res_features: True
  Has conv_s0: True
  Has conv_s1: True
Loads checkpoint by local backend from path: /data1/wangcheng/pretrained/sam2_hiera_base_plus.pt
Loads checkpoint by local backend from path: /data1/wangcheng/pretrained/sam2_hiera_base_plus.pt
[MaskHead] Initialized no_mask_embed from SAM2 ckpt, frozen, abs_mean=0.01521041
Loads checkpoint by local backend from path: /data1/wangcheng/pretrained/sam2_hiera_base_plus.pt
Loads checkpoint by local backend from path: /data1/wangcheng/pretrained/sam2_hiera_base_plus.pt
[PromptEncoder] Loaded 17 keys. missing=0, unexpected=0
2026-07-31 22:17:29,471 - portable_sam_fusion - INFO - Evaluation score contract: bbox=scores segm=scores mode=detector
2026-07-31 22:17:30,511 - data.whu_instance_dataset - INFO - 加载 WHU 样本: 886 (train.clean.json)
2026-07-31 22:17:30,518 - data.whu_instance_dataset - INFO - 加载 WHU 样本: 886 (train.clean.json)
2026-07-31 22:17:30,574 - data.whu_instance_dataset - INFO - 加载 WHU 样本: 189 (val.clean.json)
2026-07-31 22:17:30,574 - data.whu_instance_dataset - INFO - 加载 WHU 样本: 189 (val.clean.json)
2026-07-31 22:17:30,574 - data.loader - INFO - 创建 WHU 验证集加载器: 189 样本
2026-07-31 22:17:30,574 - data.loader - INFO - 创建 WHU 验证集加载器: 189 样本
2026-07-31 22:17:30,574 - portable_sam_fusion - INFO - Validation policy: rank0_only=1 batch_size=1 every_n_epochs=1 compute_loss=0
2026-07-31 22:17:30,574 - portable_sam_fusion - INFO - Dataset size: 886 | mini-batch/epoch=443 | grad_accum=2 | optimizer_steps/epoch=222 | total_optimizer_steps=17760
2026-07-31 22:17:30,926 - portable_sam_fusion - INFO - Optimizer group sat_backbone    params=1492528 tensors=112 lr=5.000e-04 wd=5.000e-02 first=backbone.encoder.base_model.model.trunk.patch_embed.proj.lora_A.default.weight last=backbone.encoder.base_model.model.neck.modules_to_save.default.convs.3.conv.bias
2026-07-31 22:17:30,927 - portable_sam_fusion - INFO - Optimizer group mask_decoder    params=4082497 tensors=125 lr=5.000e-04 wd=5.000e-02 first=roi_head.mask_head.mask_decoder.decoder.transformer.layers.0.self_attn.q_proj.weight last=roi_head.mask_head.mask_decoder.decoder.pred_obj_score_head.layers.2.bias
2026-07-31 22:17:30,927 - portable_sam_fusion - INFO - Optimizer group shape_prior     params=960385 tensors=18 lr=5.000e-04 wd=5.000e-02 first=roi_head.mask_head.shape_injector.mask_decoder.net.0.weight last=roi_head.mask_head.shape_injector.mask_decoder.net.14.bias
2026-07-31 22:17:30,927 - portable_sam_fusion - INFO - Optimizer group quality_head    params=132612 tensors=6 lr=5.000e-04 wd=5.000e-02 first=roi_head.mask_head.mask_decoder.decoder.iou_prediction_head.layers.0.weight last=roi_head.mask_head.mask_decoder.decoder.iou_prediction_head.layers.2.bias
2026-07-31 22:17:30,927 - portable_sam_fusion - INFO - Optimizer group sat_other       params=37130794 tensors=79 lr=5.000e-04 wd=5.000e-02 first=neck.level_scales last=roi_head.mask_head.shape_dense_alpha_raw
2026-07-31 22:17:30,930 - portable_sam_fusion - INFO - Trainable state backbone               1492528 / 70599344
2026-07-31 22:17:30,930 - portable_sam_fusion - INFO - Trainable state shared_image_embedding absent
2026-07-31 22:17:30,931 - portable_sam_fusion - INFO - Trainable state mask_decoder           4215109 / 4215109
2026-07-31 22:17:30,931 - portable_sam_fusion - INFO - Trainable state no_mask_embed          0 / 256
2026-07-31 22:17:30,931 - portable_sam_fusion - INFO - Trainable state prompt_encoder         0 / 6220
2026-07-31 22:17:30,931 - portable_sam_fusion - INFO - Trainable state shape_injector         960385 / 960385
2026-07-31 22:17:30,931 - portable_sam_fusion - INFO - Trainable state p2_boundary_refiner    absent
2026-07-31 22:17:30,931 - portable_sam_fusion - INFO - Trainable state quality_head           absent
2026-07-31 22:17:30,931 - portable_sam_fusion - INFO - Trainable state uav_roi_retriever      absent
2026-07-31 22:17:30,931 - portable_sam_fusion - INFO - Trainable state uav_roi_gate           absent
2026-07-31 22:17:30,931 - portable_sam_fusion - INFO - Trainable state uav_roi_dense_prompt   absent
2026-07-31 22:17:30,931 - portable_sam_fusion - INFO - Trainable state uav_roi_prompt_adapter absent
2026-07-31 22:17:30,931 - portable_sam_fusion - INFO - Trainable state uav_prompt_adapter_sparse_scale absent
2026-07-31 22:17:30,931 - portable_sam_fusion - INFO - Trainable state uav_prompt_adapter_dense_scale absent
2026-07-31 22:17:30,931 - portable_sam_fusion - INFO - Using user-specified warmup: 100 optimizer steps
[DEBUG] RSSAM2PAFPN inputs: 4 tensors
  [0] shape=torch.Size([1, 256, 256, 256]), dtype=torch.float32
  [1] shape=torch.Size([1, 256, 128, 128]), dtype=torch.float32
  [2] shape=torch.Size([1, 256, 64, 64]), dtype=torch.float32
  [3] shape=torch.Size([1, 256, 32, 32]), dtype=torch.float32
[rank0]: Traceback (most recent call last):
[rank0]:   File "/home/wangcheng/project/new/portable_sam2_explicit_coarse/train/train_rsprompter_fusion.py", line 3350, in <module>
[rank0]:     main()
[rank0]:   File "/home/wangcheng/project/new/portable_sam2_explicit_coarse/train/train_rsprompter_fusion.py", line 2642, in main
[rank0]:     scaler.scale(loss_for_backward).backward()
[rank0]:   File "/home/wangcheng/miniconda3/envs/cvt2/lib/python3.9/site-packages/torch/_tensor.py", line 647, in backward
[rank0]:     torch.autograd.backward(
[rank0]:   File "/home/wangcheng/miniconda3/envs/cvt2/lib/python3.9/site-packages/torch/autograd/__init__.py", line 354, in backward
[rank0]:     _engine_run_backward(
[rank0]:   File "/home/wangcheng/miniconda3/envs/cvt2/lib/python3.9/site-packages/torch/autograd/graph.py", line 829, in _engine_run_backward
[rank0]:     return Variable._execution_engine.run_backward(  # Calls into the C++ engine to run the backward pass
[rank0]: torch.OutOfMemoryError: CUDA out of memory. Tried to allocate 4.00 GiB. GPU 0 has a total capacity of 47.38 GiB of which 3.67 GiB is free. Including non-PyTorch memory, this process has 16.54 GiB memory in use. Process 1164001 has 27.13 GiB memory in use. Of the allocated memory 9.41 GiB is allocated by PyTorch, and 6.53 GiB is reserved by PyTorch but unallocated. If reserved but unallocated memory is large try setting PYTORCH_CUDA_ALLOC_CONF=expandable_segments:True to avoid fragmentation.  See documentation for Memory Management  (https://pytorch.org/docs/stable/notes/cuda.html#environment-variables)
[rank0]:[W731 22:18:15.747988058 ProcessGroupNCCL.cpp:1538] Warning: WARNING: destroy_process_group() was not called before program exit, which can leak resources. For more info, please see https://pytorch.org/docs/stable/distributed.html#shutdown (function operator())
W0731 22:18:17.324885 1163776 site-packages/torch/distributed/elastic/multiprocessing/api.py:900] Sending process 1163909 closing signal SIGTERM
E0731 22:18:17.332570 1163776 site-packages/torch/distributed/elastic/multiprocessing/api.py:874] failed (exitcode: 1) local_rank: 0 (pid: 1163908) of binary: /home/wangcheng/miniconda3/envs/cvt2/bin/python
Traceback (most recent call last):
  File "/home/wangcheng/miniconda3/envs/cvt2/lib/python3.9/runpy.py", line 197, in _run_module_as_main
    return _run_code(code, main_globals, None,
  File "/home/wangcheng/miniconda3/envs/cvt2/lib/python3.9/runpy.py", line 87, in _run_code
    exec(code, run_globals)
  File "/home/wangcheng/miniconda3/envs/cvt2/lib/python3.9/site-packages/torch/distributed/run.py", line 905, in <module>
    main()
  File "/home/wangcheng/miniconda3/envs/cvt2/lib/python3.9/site-packages/torch/distributed/elastic/multiprocessing/errors/__init__.py", line 357, in wrapper
    return f(*args, **kwargs)
  File "/home/wangcheng/miniconda3/envs/cvt2/lib/python3.9/site-packages/torch/distributed/run.py", line 901, in main
    run(args)
  File "/home/wangcheng/miniconda3/envs/cvt2/lib/python3.9/site-packages/torch/distributed/run.py", line 892, in run
    elastic_launch(
  File "/home/wangcheng/miniconda3/envs/cvt2/lib/python3.9/site-packages/torch/distributed/launcher/api.py", line 143, in __call__
    return launch_agent(self._config, self._entrypoint, list(args))
  File "/home/wangcheng/miniconda3/envs/cvt2/lib/python3.9/site-packages/torch/distributed/launcher/api.py", line 277, in launch_agent
    raise ChildFailedError(
torch.distributed.elastic.multiprocessing.errors.ChildFailedError: 
============================================================
train/train_rsprompter_fusion.py FAILED
------------------------------------------------------------
Failures:
  <NO_OTHER_FAILURES>
------------------------------------------------------------
Root Cause (first observed failure):
[0]:
  time      : 2026-07-31_22:18:17
  host      : ls
  rank      : 0 (local_rank: 0)
  exitcode  : 1 (pid: 1163908)
  error_file: <N/A>
  traceback : To enable traceback see: https://pytorch.org/docs/stable/elastic/errors.html
============================================================
